******************************************************************************
                  TI ARM Linker PC v20.2.6                     
******************************************************************************
>> Linked Wed Mar  1 12:40:53 2023

OUTPUT FILE NAME:   <ADC4.out>
ENTRY POINT SYMBOL: "_c_int00"  address: 0000703c


MEMORY CONFIGURATION

         name            origin    length      used     unused   attr    fill
----------------------  --------  ---------  --------  --------  ----  --------
  VECTORS               00000000   00000020  00000020  00000000     X
  FLASH0                00000020   0013ffe0  00007bc0  00138420  R  X
  STACKS                08000000   00001500  00000000  00001500  RW  
  RAM                   08001500   0002eb00  00000038  0002eac8  RW  


SEGMENT ALLOCATION MAP

run origin  load origin   length   init length attrs members
----------  ----------- ---------- ----------- ----- -------
00000000    00000000    00007be4   00007be4    r-x
  00000000    00000000    00000020   00000020    r-x .intvecs
  00000020    00000020    0000797c   0000797c    r-x .text
  0000799c    0000799c    00000230   00000230    r-- .const
  00007bd0    00007bd0    00000014   00000014    r-- .cinit
08001500    08001500    00000038   00000000    rw-
  08001500    08001500    00000038   00000000    rw- .bss


SECTION ALLOCATION MAP

 output                                  attributes/
section   page    origin      length       input sections
--------  ----  ----------  ----------   ----------------
.intvecs   0    00000000    00000020     
                  00000000    00000020     sys_intvecs.obj (.intvecs)

.text      0    00000020    0000797c     
                  00000020    00002cdc     sys_selftest.obj (.text)
                  00002cfc    00000b64     system.obj (.text)
                  00003860    00000aec     adc.obj (.text)
                  0000434c    00000a54     sys_vim.obj (.text)
                  00004da0    000008ac     pinmux.obj (.text)
                  0000564c    000007b8     sci.obj (.text)
                  00005e04    00000664     errata_SSWF021_45.obj (.text)
                  00006468    000005bc     esm.obj (.text)
                  00006a24    0000034c     sys_core.obj (.text)
                  00006d70    000002cc     sys_vim.obj (.text:retain)
                  0000703c    00000288     sys_startup.obj (.text:retain)
                  000072c4    00000114     esm.obj (.text:retain)
                  000073d8    00000108     sys_main.obj (.text)
                  000074e0    000000e8     dabort.obj (.text)
                  000075c8    000000e0     rtsv7R4_T_be_v3D16_eabi.lib : s_floor.c.obj (.text:floor)
                  000076a8    000000e0     sys_pmu.obj (.text)
                  00007788    000000a8     notification.obj (.text)
                  00007830    0000007a     rtsv7R4_T_be_v3D16_eabi.lib : memset_t2.asm.obj (.text)
                  000078aa    00000002     --HOLE-- [fill = 0]
                  000078ac    0000006e                                 : ltoa.c.obj (.text:ltoa)
                  0000791a    00000002     --HOLE-- [fill = 0]
                  0000791c    00000044                                 : autoinit.c.obj (.text:__TI_auto_init_nobinit_nopinit:__TI_auto_init_nobinit_nopinit)
                  00007960    0000001c                                 : copy_zero_init.c.obj (.text:decompress:ZI:__TI_zero_init_nomemset:__TI_zero_init_nomemset)
                  0000797c    00000014                                 : strcpy.c.obj (.text:strcpy)
                  00007990    00000004                                 : exit.c.obj (.text:abort:abort)
                  00007994    00000004     sys_phantom.obj (.text:retain)
                  00007998    00000004     sys_startup.obj (.text)

.const     0    0000799c    00000230     
                  0000799c    00000200     sys_vim.obj (.const:s_vim_init)
                  00007b9c    00000018     adc.obj (.const:s_adcFiFoSize)
                  00007bb4    00000018     adc.obj (.const:s_adcSelect)

.cinit     0    00007bd0    00000014     
                  00007bd0    00000008     (.cinit..bss.load) [load image, compression = zero_init]
                  00007bd8    00000004     (__TI_handler_table)
                  00007bdc    00000008     (__TI_cinit_table)

.bss       0    08001500    00000038     UNINITIALIZED
                  08001500    00000028     sci.obj (.bss:g_sciTransfer_t)
                  08001528    00000008     (.common:PortID)
                  08001530    00000008     (.common:command)

__llvm_prf_cnts 
*          0    08001500    00000000     UNINITIALIZED

MODULE SUMMARY

       Module                  code    ro data   rw data
       ------                  ----    -------   -------
    .\source\
       sys_selftest.obj        11484   0         0      
       sys_vim.obj             3360    512       0      
       system.obj              2916    0         0      
       adc.obj                 2796    48        0      
       pinmux.obj              2220    0         0      
       sci.obj                 1976    0         40     
       esm.obj                 1744    0         0      
       errata_SSWF021_45.obj   1636    0         0      
       sys_core.obj            844     0         0      
       sys_startup.obj         652     0         0      
       sys_main.obj            264     0         16     
       dabort.obj              232     0         0      
       sys_pmu.obj             224     0         0      
       notification.obj        168     0         0      
       sys_intvecs.obj         32      0         0      
       sys_phantom.obj         4       0         0      
    +--+-----------------------+-------+---------+---------+
       Total:                  30552   560       56     
                                                        
    C:/ti/ccs1200/ccs/tools/compiler/ti-cgt-arm_20.2.6.LTS/lib/rtsv7R4_T_be_v3D16_eabi.lib
       s_floor.c.obj           224     0         0      
       memset_t2.asm.obj       122     0         0      
       ltoa.c.obj              110     0         0      
       autoinit.c.obj          68      0         0      
       copy_zero_init.c.obj    28      0         0      
       strcpy.c.obj            20      0         0      
       exit.c.obj              4       0         0      
    +--+-----------------------+-------+---------+---------+
       Total:                  576     0         0      
                                                        
       Linker Generated:       0       20        0      
    +--+-----------------------+-------+---------+---------+
       Grand Total:            31128   580       56     


LINKER GENERATED COPY TABLES

__TI_cinit_table @ 00007bdc records: 1, size/record: 8, table size: 8
	.bss: load addr=00007bd0, load size=00000008 bytes, run addr=08001500, run size=00000038 bytes, compression=zero_init


LINKER GENERATED HANDLER TABLE

__TI_handler_table @ 00007bd8 records: 1, size/record: 4, table size: 4
	index: 0, handler: __TI_zero_init


GLOBAL SYMBOLS: SORTED ALPHABETICALLY BY Name 

address   name                                
-------   ----                                
00007991  C$$EXIT                             
08001528  PortID                              
UNDEFED   SHT$$INIT_ARRAY$$Base               
UNDEFED   SHT$$INIT_ARRAY$$Limit              
00007bdc  __TI_CINIT_Base                     
00007be4  __TI_CINIT_Limit                    
00007bd8  __TI_Handler_Table_Base             
00007bdc  __TI_Handler_Table_Limit            
00006d68  __TI_PINIT_Base                     
00006d6c  __TI_PINIT_Limit                    
0000791d  __TI_auto_init_nobinit_nopinit      
ffffffff  __TI_pprof_out_hndl                 
ffffffff  __TI_prof_data_size                 
ffffffff  __TI_prof_data_start                
00000000  __TI_static_base__                  
00007961  __TI_zero_init_nomemset             
00007831  __aeabi_memclr                      
00007831  __aeabi_memclr4                     
00007831  __aeabi_memclr8                     
00007833  __aeabi_memset                      
00007833  __aeabi_memset4                     
00007833  __aeabi_memset8                     
ffffffff  __binit__                           
ffffffff  __c_args__                          
08001500  __start___llvm_prf_cnts             
08001500  __stop___llvm_prf_cnts              
0000703c  _c_int00                            
00006c80  _coreClearAuxiliaryDataFault_       
00006c94  _coreClearAuxiliaryInstructionFault_
00006c58  _coreClearDataFaultAddress_         
00006c30  _coreClearDataFault_                
00006c6c  _coreClearInstructionFaultAddress_  
00006c44  _coreClearInstructionFault_         
00006bc4  _coreDisableEventBusExport_         
00006c08  _coreDisableFlashEcc_               
00006be4  _coreDisableRamEcc_                 
00006bb4  _coreEnableEventBusExport_          
00006bf4  _coreEnableFlashEcc_                
00006c18  _coreEnableIrqVicOffset_            
00006bd4  _coreEnableRamEcc_                  
00006b9c  _coreEnableVfp_                     
00006c78  _coreGetAuxiliaryDataFault_         
00006c8c  _coreGetAuxiliaryInstructionFault_  
00006c50  _coreGetDataFaultAddress_           
00006c28  _coreGetDataFault_                  
00006c64  _coreGetInstructionFaultAddress_    
00006c3c  _coreGetInstructionFault_           
00006a24  _coreInitRegisters_                 
00006b30  _coreInitStackPointer_              
000074e0  _dabort                             
00006ca8  _disable_FIQ_interrupt_             
00006cb0  _disable_IRQ_interrupt_             
00006ca0  _disable_interrupt_                 
00006cb8  _enable_interrupt_                  
00006d48  _errata_CORTEXR4_57_                
00006d58  _errata_CORTEXR4_66_                
00005e04  _errata_SSWF021_45_both_plls        
00005ff8  _errata_SSWF021_45_pll1             
00006170  _errata_SSWF021_45_pll2             
00006cc0  _esmCcmErrorsClear_                 
00006b7c  _getCPSRValue_                      
00006b84  _gotoCPUIdle_                       
00007704  _pmuDisableCountersGlobal_          
000076f4  _pmuEnableCountersGlobal_           
00007760  _pmuGetCycleCount_                  
00007768  _pmuGetEventCount_                  
00007774  _pmuGetOverflow_                    
000076a8  _pmuInit_                           
00007734  _pmuResetCounters_                  
00007714  _pmuResetCycleCounter_              
00007724  _pmuResetEventCounters_             
00007754  _pmuSetCountEvent_                  
00007744  _pmuStartCounters_                  
0000774c  _pmuStopCounters_                   
UNDEFED   _system_post_cinit                  
00007991  abort                               
000040dc  adc1GetConfigValue                  
0000126c  adc1ParityCheck                     
00001358  adc2ParityCheck                     
00003cb8  adcCalibration                      
0000407c  adcDisableNotification              
0000402c  adcEnableNotification               
00003a90  adcGetData                          
000040c4  adcGetEVTPin                        
00003860  adcInit                             
00003c88  adcIsConversionComplete             
00003c58  adcIsFifoFull                       
00003e90  adcMidPointCalibration              
000077e0  adcNotification                     
00003a68  adcResetFiFo                        
000040a4  adcSetEVTPin                        
000039bc  adcStartConversion                  
00003a40  adcStopConversion                   
ffffffff  binit                               
00001410  can1ParityCheck                     
000014e8  can2ParityCheck                     
000015b0  can3ParityCheck                     
00000030  ccmSelfCheck                        
000026fc  ccmr4GetConfigValue                 
00000938  checkB0RAMECC                       
00000b28  checkB1RAMECC                       
00001c18  checkClockMonitor                   
00000d18  checkFlashECC                       
00001cf4  checkFlashEEPROMECC                 
00001e8c  checkPLL1Slip                       
00001f8c  checkPLL2Slip                       
00002050  checkRAMAddrParity                  
000019d0  checkRAMECC                         
0000215c  checkRAMUERRTest                    
000007bc  checkefcSelfTest                    
08001530  command                             
00000234  cpuSelfTest                         
00000dfc  cpuSelfTestFail                     
00003784  customTrimLPO                       
00000df4  custom_dabort                       
00002b58  disableParity                       
0000781c  dmaGroupANotification               
00000eac  dmaParityCheck                      
00000660  efcCheck                            
00002660  efcGetConfigValue                   
00000794  efcSelfTest                         
000006e8  efcStuckZeroTest                    
00002ad0  enableParity                        
0000276c  errata_PBIST_4                      
000065ec  esmActivateNormalOperation          
000066c0  esmClearStatus                      
00006700  esmClearStatusBuffer                
000065b4  esmDisableError                     
00006624  esmDisableInterrupt                 
0000658c  esmEnableError                      
000065fc  esmEnableInterrupt                  
000067f8  esmEnterSelfTest                    
00006570  esmError                            
000068d0  esmGetConfigValue                   
0000673c  esmGetStatus                        
000067c0  esmGetStatusBuffer                  
00007788  esmGroup1Notification               
00007798  esmGroup2Notification               
000072c4  esmHighInterrupt                    
00006468  esmInit                             
00006880  esmSelfTestStatus                   
0000671c  esmSetCounterPreloadValue           
0000664c  esmSetInterruptLevel                
000065dc  esmTriggerErrorPinReset             
000075c9  floor                               
000075c9  floorl                              
000022c4  fmcBus1ParityCheck                  
0000085c  fmcBus2Check                        
00000898  fmcECCcheck                         
000077f4  gioNotification                     
00007998  handlePLLLockFail                   
00000f58  het1ParityCheck                     
000010c0  het2ParityCheck                     
00001004  htu1ParityCheck                     
000011bc  htu2ParityCheck                     
000078ad  ltoa                                
000073d8  main                                
00002e64  mapClocks                           
00000174  memoryInit                          
000077a8  memoryPort0TestFailNotification     
000077c4  memoryPort1TestFailNotification     
00007839  memset                              
00001684  mibspi1ParityCheck                  
0000178c  mibspi3ParityCheck                  
000018b0  mibspi5ParityCheck                  
00004da0  muxInit                             
000023ec  pbistFail                           
00002470  pbistGetConfigValue                 
000005a8  pbistIsTestCompleted                
000005d4  pbistIsTestPassed                   
00000608  pbistPortTestStatus                 
000004ac  pbistRun                            
000002cc  pbistSelfCheck                      
00000578  pbistStop                           
00002e10  periphInit                          
00007994  phantomInterrupt                    
0000523c  pinmuxGetConfigValue                
00000000  resetEntry                          
00005b14  sciDisableLoopback                  
00005ba0  sciDisableNotification              
00005ae0  sciEnableLoopback                   
00005b38  sciEnableNotification               
00005c08  sciEnterResetState                  
00005c28  sciExitResetState                   
0000564c  sciInit                             
00005990  sciIsIdleDetected                   
00005974  sciIsRxReady                        
000057f4  sciIsTxReady                        
00007808  sciNotification                     
00005a08  sciReceive                          
000059dc  sciReceiveByte                      
000059ac  sciRxError                          
00005840  sciSend                             
00005810  sciSendByte                         
00005758  sciSetBaudrate                      
00005738  sciSetFunctional                    
00005c48  scilinGetConfigValue                
00000020  selftestFailNotification            
00002dd0  setupFlash                          
00002cfc  setupPLL                            
00003648  sramGetConfigValue                  
000025bc  stcGetConfigValue                   
000001b8  stcSelfCheck                        
00000df8  stcSelfCheckFail                    
0000797d  strcpy                              
00003088  systemGetConfigValue                
00002f8c  systemInit                          
00003058  systemPowerDown                     
0000349c  tcmflashGetConfigValue              
00002d5c  trimLPO                             
00004420  vimChannelMap                       
0000468c  vimDisableInterrupt                 
000044c4  vimEnableInterrupt                  
00004738  vimGetConfigValue                   
0000434c  vimInit                             
00000e00  vimParityCheck                      
00006d70  vimParityErrorHandler               


GLOBAL SYMBOLS: SORTED BY Symbol Address 

address   name                                
-------   ----                                
00000000  __TI_static_base__                  
00000000  resetEntry                          
00000020  selftestFailNotification            
00000030  ccmSelfCheck                        
00000174  memoryInit                          
000001b8  stcSelfCheck                        
00000234  cpuSelfTest                         
000002cc  pbistSelfCheck                      
000004ac  pbistRun                            
00000578  pbistStop                           
000005a8  pbistIsTestCompleted                
000005d4  pbistIsTestPassed                   
00000608  pbistPortTestStatus                 
00000660  efcCheck                            
000006e8  efcStuckZeroTest                    
00000794  efcSelfTest                         
000007bc  checkefcSelfTest                    
0000085c  fmcBus2Check                        
00000898  fmcECCcheck                         
00000938  checkB0RAMECC                       
00000b28  checkB1RAMECC                       
00000d18  checkFlashECC                       
00000df4  custom_dabort                       
00000df8  stcSelfCheckFail                    
00000dfc  cpuSelfTestFail                     
00000e00  vimParityCheck                      
00000eac  dmaParityCheck                      
00000f58  het1ParityCheck                     
00001004  htu1ParityCheck                     
000010c0  het2ParityCheck                     
000011bc  htu2ParityCheck                     
0000126c  adc1ParityCheck                     
00001358  adc2ParityCheck                     
00001410  can1ParityCheck                     
000014e8  can2ParityCheck                     
000015b0  can3ParityCheck                     
00001684  mibspi1ParityCheck                  
0000178c  mibspi3ParityCheck                  
000018b0  mibspi5ParityCheck                  
000019d0  checkRAMECC                         
00001c18  checkClockMonitor                   
00001cf4  checkFlashEEPROMECC                 
00001e8c  checkPLL1Slip                       
00001f8c  checkPLL2Slip                       
00002050  checkRAMAddrParity                  
0000215c  checkRAMUERRTest                    
000022c4  fmcBus1ParityCheck                  
000023ec  pbistFail                           
00002470  pbistGetConfigValue                 
000025bc  stcGetConfigValue                   
00002660  efcGetConfigValue                   
000026fc  ccmr4GetConfigValue                 
0000276c  errata_PBIST_4                      
00002ad0  enableParity                        
00002b58  disableParity                       
00002cfc  setupPLL                            
00002d5c  trimLPO                             
00002dd0  setupFlash                          
00002e10  periphInit                          
00002e64  mapClocks                           
00002f8c  systemInit                          
00003058  systemPowerDown                     
00003088  systemGetConfigValue                
0000349c  tcmflashGetConfigValue              
00003648  sramGetConfigValue                  
00003784  customTrimLPO                       
00003860  adcInit                             
000039bc  adcStartConversion                  
00003a40  adcStopConversion                   
00003a68  adcResetFiFo                        
00003a90  adcGetData                          
00003c58  adcIsFifoFull                       
00003c88  adcIsConversionComplete             
00003cb8  adcCalibration                      
00003e90  adcMidPointCalibration              
0000402c  adcEnableNotification               
0000407c  adcDisableNotification              
000040a4  adcSetEVTPin                        
000040c4  adcGetEVTPin                        
000040dc  adc1GetConfigValue                  
0000434c  vimInit                             
00004420  vimChannelMap                       
000044c4  vimEnableInterrupt                  
0000468c  vimDisableInterrupt                 
00004738  vimGetConfigValue                   
00004da0  muxInit                             
0000523c  pinmuxGetConfigValue                
0000564c  sciInit                             
00005738  sciSetFunctional                    
00005758  sciSetBaudrate                      
000057f4  sciIsTxReady                        
00005810  sciSendByte                         
00005840  sciSend                             
00005974  sciIsRxReady                        
00005990  sciIsIdleDetected                   
000059ac  sciRxError                          
000059dc  sciReceiveByte                      
00005a08  sciReceive                          
00005ae0  sciEnableLoopback                   
00005b14  sciDisableLoopback                  
00005b38  sciEnableNotification               
00005ba0  sciDisableNotification              
00005c08  sciEnterResetState                  
00005c28  sciExitResetState                   
00005c48  scilinGetConfigValue                
00005e04  _errata_SSWF021_45_both_plls        
00005ff8  _errata_SSWF021_45_pll1             
00006170  _errata_SSWF021_45_pll2             
00006468  esmInit                             
00006570  esmError                            
0000658c  esmEnableError                      
000065b4  esmDisableError                     
000065dc  esmTriggerErrorPinReset             
000065ec  esmActivateNormalOperation          
000065fc  esmEnableInterrupt                  
00006624  esmDisableInterrupt                 
0000664c  esmSetInterruptLevel                
000066c0  esmClearStatus                      
00006700  esmClearStatusBuffer                
0000671c  esmSetCounterPreloadValue           
0000673c  esmGetStatus                        
000067c0  esmGetStatusBuffer                  
000067f8  esmEnterSelfTest                    
00006880  esmSelfTestStatus                   
000068d0  esmGetConfigValue                   
00006a24  _coreInitRegisters_                 
00006b30  _coreInitStackPointer_              
00006b7c  _getCPSRValue_                      
00006b84  _gotoCPUIdle_                       
00006b9c  _coreEnableVfp_                     
00006bb4  _coreEnableEventBusExport_          
00006bc4  _coreDisableEventBusExport_         
00006bd4  _coreEnableRamEcc_                  
00006be4  _coreDisableRamEcc_                 
00006bf4  _coreEnableFlashEcc_                
00006c08  _coreDisableFlashEcc_               
00006c18  _coreEnableIrqVicOffset_            
00006c28  _coreGetDataFault_                  
00006c30  _coreClearDataFault_                
00006c3c  _coreGetInstructionFault_           
00006c44  _coreClearInstructionFault_         
00006c50  _coreGetDataFaultAddress_           
00006c58  _coreClearDataFaultAddress_         
00006c64  _coreGetInstructionFaultAddress_    
00006c6c  _coreClearInstructionFaultAddress_  
00006c78  _coreGetAuxiliaryDataFault_         
00006c80  _coreClearAuxiliaryDataFault_       
00006c8c  _coreGetAuxiliaryInstructionFault_  
00006c94  _coreClearAuxiliaryInstructionFault_
00006ca0  _disable_interrupt_                 
00006ca8  _disable_FIQ_interrupt_             
00006cb0  _disable_IRQ_interrupt_             
00006cb8  _enable_interrupt_                  
00006cc0  _esmCcmErrorsClear_                 
00006d48  _errata_CORTEXR4_57_                
00006d58  _errata_CORTEXR4_66_                
00006d68  __TI_PINIT_Base                     
00006d6c  __TI_PINIT_Limit                    
00006d70  vimParityErrorHandler               
0000703c  _c_int00                            
000072c4  esmHighInterrupt                    
000073d8  main                                
000074e0  _dabort                             
000075c9  floor                               
000075c9  floorl                              
000076a8  _pmuInit_                           
000076f4  _pmuEnableCountersGlobal_           
00007704  _pmuDisableCountersGlobal_          
00007714  _pmuResetCycleCounter_              
00007724  _pmuResetEventCounters_             
00007734  _pmuResetCounters_                  
00007744  _pmuStartCounters_                  
0000774c  _pmuStopCounters_                   
00007754  _pmuSetCountEvent_                  
00007760  _pmuGetCycleCount_                  
00007768  _pmuGetEventCount_                  
00007774  _pmuGetOverflow_                    
00007788  esmGroup1Notification               
00007798  esmGroup2Notification               
000077a8  memoryPort0TestFailNotification     
000077c4  memoryPort1TestFailNotification     
000077e0  adcNotification                     
000077f4  gioNotification                     
00007808  sciNotification                     
0000781c  dmaGroupANotification               
00007831  __aeabi_memclr                      
00007831  __aeabi_memclr4                     
00007831  __aeabi_memclr8                     
00007833  __aeabi_memset                      
00007833  __aeabi_memset4                     
00007833  __aeabi_memset8                     
00007839  memset                              
000078ad  ltoa                                
0000791d  __TI_auto_init_nobinit_nopinit      
00007961  __TI_zero_init_nomemset             
0000797d  strcpy                              
00007991  C$$EXIT                             
00007991  abort                               
00007994  phantomInterrupt                    
00007998  handlePLLLockFail                   
00007bd8  __TI_Handler_Table_Base             
00007bdc  __TI_CINIT_Base                     
00007bdc  __TI_Handler_Table_Limit            
00007be4  __TI_CINIT_Limit                    
08001500  __start___llvm_prf_cnts             
08001500  __stop___llvm_prf_cnts              
08001528  PortID                              
08001530  command                             
ffffffff  __TI_pprof_out_hndl                 
ffffffff  __TI_prof_data_size                 
ffffffff  __TI_prof_data_start                
ffffffff  __binit__                           
ffffffff  __c_args__                          
ffffffff  binit                               
UNDEFED   SHT$$INIT_ARRAY$$Base               
UNDEFED   SHT$$INIT_ARRAY$$Limit              
UNDEFED   _system_post_cinit                  

[217 symbols]
