<?xml version="1.0" encoding="ISO-8859-1" ?>
<link_info>
   <banner>TI ARM Linker PC v20.2.6.LTS</banner>
   <copyright>Copyright (c) 1996-2018 Texas Instruments Incorporated</copyright>
   <link_time>0x6465dc36</link_time>
   <link_errors>0x0</link_errors>
   <output_file>ADC5.out</output_file>
   <entry_point>
      <name>_c_int00</name>
      <address>0x9a5c</address>
   </entry_point>
   <input_file_list>
      <input_file id="fl-2">
         <path>.\source\</path>
         <kind>object</kind>
         <file>adc.obj</file>
         <name>adc.obj</name>
      </input_file>
      <input_file id="fl-3">
         <path>.\source\</path>
         <kind>object</kind>
         <file>dabort.obj</file>
         <name>dabort.obj</name>
      </input_file>
      <input_file id="fl-4">
         <path>.\source\</path>
         <kind>object</kind>
         <file>errata_SSWF021_45.obj</file>
         <name>errata_SSWF021_45.obj</name>
      </input_file>
      <input_file id="fl-5">
         <path>.\source\</path>
         <kind>object</kind>
         <file>esm.obj</file>
         <name>esm.obj</name>
      </input_file>
      <input_file id="fl-6">
         <path>.\source\</path>
         <kind>object</kind>
         <file>gio.obj</file>
         <name>gio.obj</name>
      </input_file>
      <input_file id="fl-7">
         <path>.\source\</path>
         <kind>object</kind>
         <file>notification.obj</file>
         <name>notification.obj</name>
      </input_file>
      <input_file id="fl-8">
         <path>.\source\</path>
         <kind>object</kind>
         <file>pinmux.obj</file>
         <name>pinmux.obj</name>
      </input_file>
      <input_file id="fl-9">
         <path>.\source\</path>
         <kind>object</kind>
         <file>sci.obj</file>
         <name>sci.obj</name>
      </input_file>
      <input_file id="fl-a">
         <path>.\source\</path>
         <kind>object</kind>
         <file>sys_core.obj</file>
         <name>sys_core.obj</name>
      </input_file>
      <input_file id="fl-b">
         <path>.\source\</path>
         <kind>object</kind>
         <file>sys_dma.obj</file>
         <name>sys_dma.obj</name>
      </input_file>
      <input_file id="fl-c">
         <path>.\source\</path>
         <kind>object</kind>
         <file>sys_intvecs.obj</file>
         <name>sys_intvecs.obj</name>
      </input_file>
      <input_file id="fl-d">
         <path>.\source\</path>
         <kind>object</kind>
         <file>sys_main.obj</file>
         <name>sys_main.obj</name>
      </input_file>
      <input_file id="fl-e">
         <path>.\source\</path>
         <kind>object</kind>
         <file>sys_mpu.obj</file>
         <name>sys_mpu.obj</name>
      </input_file>
      <input_file id="fl-f">
         <path>.\source\</path>
         <kind>object</kind>
         <file>sys_pcr.obj</file>
         <name>sys_pcr.obj</name>
      </input_file>
      <input_file id="fl-10">
         <path>.\source\</path>
         <kind>object</kind>
         <file>sys_phantom.obj</file>
         <name>sys_phantom.obj</name>
      </input_file>
      <input_file id="fl-11">
         <path>.\source\</path>
         <kind>object</kind>
         <file>sys_pmm.obj</file>
         <name>sys_pmm.obj</name>
      </input_file>
      <input_file id="fl-12">
         <path>.\source\</path>
         <kind>object</kind>
         <file>sys_pmu.obj</file>
         <name>sys_pmu.obj</name>
      </input_file>
      <input_file id="fl-13">
         <path>.\source\</path>
         <kind>object</kind>
         <file>sys_selftest.obj</file>
         <name>sys_selftest.obj</name>
      </input_file>
      <input_file id="fl-14">
         <path>.\source\</path>
         <kind>object</kind>
         <file>sys_startup.obj</file>
         <name>sys_startup.obj</name>
      </input_file>
      <input_file id="fl-15">
         <path>.\source\</path>
         <kind>object</kind>
         <file>sys_vim.obj</file>
         <name>sys_vim.obj</name>
      </input_file>
      <input_file id="fl-16">
         <path>.\source\</path>
         <kind>object</kind>
         <file>system.obj</file>
         <name>system.obj</name>
      </input_file>
      <input_file id="fl-1b">
         <kind>object</kind>
         <file>&lt;internal&gt;</file>
         <name>&lt;internal&gt;</name>
      </input_file>
      <input_file id="fl-1c">
         <path>C:\ti\ccs1200\ccs\tools\compiler\ti-cgt-arm_20.2.6.LTS\lib\</path>
         <kind>archive</kind>
         <file>rtsv7R4_T_be_v3D16_eabi.lib</file>
         <name>e_pow.c.obj</name>
      </input_file>
      <input_file id="fl-1d">
         <path>C:\ti\ccs1200\ccs\tools\compiler\ti-cgt-arm_20.2.6.LTS\lib\</path>
         <kind>archive</kind>
         <file>rtsv7R4_T_be_v3D16_eabi.lib</file>
         <name>e_sqrt.c.obj</name>
      </input_file>
      <input_file id="fl-1e">
         <path>C:\ti\ccs1200\ccs\tools\compiler\ti-cgt-arm_20.2.6.LTS\lib\</path>
         <kind>archive</kind>
         <file>rtsv7R4_T_be_v3D16_eabi.lib</file>
         <name>s_floor.c.obj</name>
      </input_file>
      <input_file id="fl-1f">
         <path>C:\ti\ccs1200\ccs\tools\compiler\ti-cgt-arm_20.2.6.LTS\lib\</path>
         <kind>archive</kind>
         <file>rtsv7R4_T_be_v3D16_eabi.lib</file>
         <name>s_scalbn.c.obj</name>
      </input_file>
      <input_file id="fl-20">
         <path>C:\ti\ccs1200\ccs\tools\compiler\ti-cgt-arm_20.2.6.LTS\lib\</path>
         <kind>archive</kind>
         <file>rtsv7R4_T_be_v3D16_eabi.lib</file>
         <name>s_copysign.c.obj</name>
      </input_file>
      <input_file id="fl-21">
         <path>C:\ti\ccs1200\ccs\tools\compiler\ti-cgt-arm_20.2.6.LTS\lib\</path>
         <kind>archive</kind>
         <file>rtsv7R4_T_be_v3D16_eabi.lib</file>
         <name>e_sqrtf.c.obj</name>
      </input_file>
      <input_file id="fl-22">
         <path>C:\ti\ccs1200\ccs\tools\compiler\ti-cgt-arm_20.2.6.LTS\lib\</path>
         <kind>archive</kind>
         <file>rtsv7R4_T_be_v3D16_eabi.lib</file>
         <name>sprintf.c.obj</name>
      </input_file>
      <input_file id="fl-23">
         <path>C:\ti\ccs1200\ccs\tools\compiler\ti-cgt-arm_20.2.6.LTS\lib\</path>
         <kind>archive</kind>
         <file>rtsv7R4_T_be_v3D16_eabi.lib</file>
         <name>memcpy_t2.asm.obj</name>
      </input_file>
      <input_file id="fl-24">
         <path>C:\ti\ccs1200\ccs\tools\compiler\ti-cgt-arm_20.2.6.LTS\lib\</path>
         <kind>archive</kind>
         <file>rtsv7R4_T_be_v3D16_eabi.lib</file>
         <name>memset_t2.asm.obj</name>
      </input_file>
      <input_file id="fl-25">
         <path>C:\ti\ccs1200\ccs\tools\compiler\ti-cgt-arm_20.2.6.LTS\lib\</path>
         <kind>archive</kind>
         <file>rtsv7R4_T_be_v3D16_eabi.lib</file>
         <name>autoinit.c.obj</name>
      </input_file>
      <input_file id="fl-26">
         <path>C:\ti\ccs1200\ccs\tools\compiler\ti-cgt-arm_20.2.6.LTS\lib\</path>
         <kind>archive</kind>
         <file>rtsv7R4_T_be_v3D16_eabi.lib</file>
         <name>cpy_tbl.c.obj</name>
      </input_file>
      <input_file id="fl-27">
         <path>C:\ti\ccs1200\ccs\tools\compiler\ti-cgt-arm_20.2.6.LTS\lib\</path>
         <kind>archive</kind>
         <file>rtsv7R4_T_be_v3D16_eabi.lib</file>
         <name>copy_zero_init.c.obj</name>
      </input_file>
      <input_file id="fl-28">
         <path>C:\ti\ccs1200\ccs\tools\compiler\ti-cgt-arm_20.2.6.LTS\lib\</path>
         <kind>archive</kind>
         <file>rtsv7R4_T_be_v3D16_eabi.lib</file>
         <name>copy_decompress_none.c.obj</name>
      </input_file>
      <input_file id="fl-29">
         <path>C:\ti\ccs1200\ccs\tools\compiler\ti-cgt-arm_20.2.6.LTS\lib\</path>
         <kind>archive</kind>
         <file>rtsv7R4_T_be_v3D16_eabi.lib</file>
         <name>copy_decompress_lzss.c.obj</name>
      </input_file>
      <input_file id="fl-2a">
         <path>C:\ti\ccs1200\ccs\tools\compiler\ti-cgt-arm_20.2.6.LTS\lib\</path>
         <kind>archive</kind>
         <file>rtsv7R4_T_be_v3D16_eabi.lib</file>
         <name>exit.c.obj</name>
      </input_file>
      <input_file id="fl-2b">
         <path>C:\ti\ccs1200\ccs\tools\compiler\ti-cgt-arm_20.2.6.LTS\lib\</path>
         <kind>archive</kind>
         <file>rtsv7R4_T_be_v3D16_eabi.lib</file>
         <name>_lock.c.obj</name>
      </input_file>
      <input_file id="fl-2c">
         <path>C:\ti\ccs1200\ccs\tools\compiler\ti-cgt-arm_20.2.6.LTS\lib\</path>
         <kind>archive</kind>
         <file>rtsv7R4_T_be_v3D16_eabi.lib</file>
         <name>memory.c.obj</name>
      </input_file>
      <input_file id="fl-2d">
         <path>C:\ti\ccs1200\ccs\tools\compiler\ti-cgt-arm_20.2.6.LTS\lib\</path>
         <kind>archive</kind>
         <file>rtsv7R4_T_be_v3D16_eabi.lib</file>
         <name>strcat.c.obj</name>
      </input_file>
      <input_file id="fl-2e">
         <path>C:\ti\ccs1200\ccs\tools\compiler\ti-cgt-arm_20.2.6.LTS\lib\</path>
         <kind>archive</kind>
         <file>rtsv7R4_T_be_v3D16_eabi.lib</file>
         <name>strcmp.c.obj</name>
      </input_file>
      <input_file id="fl-2f">
         <path>C:\ti\ccs1200\ccs\tools\compiler\ti-cgt-arm_20.2.6.LTS\lib\</path>
         <kind>archive</kind>
         <file>rtsv7R4_T_be_v3D16_eabi.lib</file>
         <name>errno.c.obj</name>
      </input_file>
      <input_file id="fl-30">
         <path>C:\ti\ccs1200\ccs\tools\compiler\ti-cgt-arm_20.2.6.LTS\lib\</path>
         <kind>archive</kind>
         <file>rtsv7R4_T_be_v3D16_eabi.lib</file>
         <name>_printfi.c.obj</name>
      </input_file>
      <input_file id="fl-31">
         <path>C:\ti\ccs1200\ccs\tools\compiler\ti-cgt-arm_20.2.6.LTS\lib\</path>
         <kind>archive</kind>
         <file>rtsv7R4_T_be_v3D16_eabi.lib</file>
         <name>ull_div32.asm.obj</name>
      </input_file>
      <input_file id="fl-32">
         <path>C:\ti\ccs1200\ccs\tools\compiler\ti-cgt-arm_20.2.6.LTS\lib\</path>
         <kind>archive</kind>
         <file>rtsv7R4_T_be_v3D16_eabi.lib</file>
         <name>_ltoa.c.obj</name>
      </input_file>
      <input_file id="fl-33">
         <path>C:\ti\ccs1200\ccs\tools\compiler\ti-cgt-arm_20.2.6.LTS\lib\</path>
         <kind>archive</kind>
         <file>rtsv7R4_T_be_v3D16_eabi.lib</file>
         <name>atoi.c.obj</name>
      </input_file>
      <input_file id="fl-34">
         <path>C:\ti\ccs1200\ccs\tools\compiler\ti-cgt-arm_20.2.6.LTS\lib\</path>
         <kind>archive</kind>
         <file>rtsv7R4_T_be_v3D16_eabi.lib</file>
         <name>ctype.c.obj</name>
      </input_file>
      <input_file id="fl-35">
         <path>C:\ti\ccs1200\ccs\tools\compiler\ti-cgt-arm_20.2.6.LTS\lib\</path>
         <kind>archive</kind>
         <file>rtsv7R4_T_be_v3D16_eabi.lib</file>
         <name>memccpy.c.obj</name>
      </input_file>
      <input_file id="fl-36">
         <path>C:\ti\ccs1200\ccs\tools\compiler\ti-cgt-arm_20.2.6.LTS\lib\</path>
         <kind>archive</kind>
         <file>rtsv7R4_T_be_v3D16_eabi.lib</file>
         <name>strchr.c.obj</name>
      </input_file>
      <input_file id="fl-37">
         <path>C:\ti\ccs1200\ccs\tools\compiler\ti-cgt-arm_20.2.6.LTS\lib\</path>
         <kind>archive</kind>
         <file>rtsv7R4_T_be_v3D16_eabi.lib</file>
         <name>strlen.c.obj</name>
      </input_file>
      <input_file id="fl-38">
         <path>C:\ti\ccs1200\ccs\tools\compiler\ti-cgt-arm_20.2.6.LTS\lib\</path>
         <kind>archive</kind>
         <file>rtsv7R4_T_be_v3D16_eabi.lib</file>
         <name>s_frexp.c.obj</name>
      </input_file>
      <input_file id="fl-39">
         <path>C:\ti\ccs1200\ccs\tools\compiler\ti-cgt-arm_20.2.6.LTS\lib\</path>
         <kind>archive</kind>
         <file>rtsv7R4_T_be_v3D16_eabi.lib</file>
         <name>wcslen.c.obj</name>
      </input_file>
      <input_file id="fl-3a">
         <path>C:\ti\ccs1200\ccs\tools\compiler\ti-cgt-arm_20.2.6.LTS\lib\</path>
         <kind>archive</kind>
         <file>rtsv7R4_T_be_v3D16_eabi.lib</file>
         <name>div0.asm.obj</name>
      </input_file>
      <input_file id="fl-3b">
         <path>C:\ti\Hercules\Cortex-R4 CMSIS DSP Library\1.0.0\Lib\</path>
         <kind>archive</kind>
         <file>arm_math_Cortex_R4_bspf.lib</file>
         <name>arm_scale_f32.o</name>
      </input_file>
      <input_file id="fl-3c">
         <path>C:\ti\Hercules\Cortex-R4 CMSIS DSP Library\1.0.0\Lib\</path>
         <kind>archive</kind>
         <file>arm_math_Cortex_R4_bspf.lib</file>
         <name>arm_cos_f32.o</name>
      </input_file>
      <input_file id="fl-3d">
         <path>C:\ti\Hercules\Cortex-R4 CMSIS DSP Library\1.0.0\Lib\</path>
         <kind>archive</kind>
         <file>arm_math_Cortex_R4_bspf.lib</file>
         <name>arm_sin_f32.o</name>
      </input_file>
      <input_file id="fl-3e">
         <path>C:\ti\Hercules\Cortex-R4 CMSIS DSP Library\1.0.0\Lib\</path>
         <kind>archive</kind>
         <file>arm_math_Cortex_R4_bspf.lib</file>
         <name>arm_mat_add_f32.o</name>
      </input_file>
      <input_file id="fl-3f">
         <path>C:\ti\Hercules\Cortex-R4 CMSIS DSP Library\1.0.0\Lib\</path>
         <kind>archive</kind>
         <file>arm_math_Cortex_R4_bspf.lib</file>
         <name>arm_mat_init_f32.o</name>
      </input_file>
      <input_file id="fl-40">
         <path>C:\ti\Hercules\Cortex-R4 CMSIS DSP Library\1.0.0\Lib\</path>
         <kind>archive</kind>
         <file>arm_math_Cortex_R4_bspf.lib</file>
         <name>arm_mat_inverse_f32.o</name>
      </input_file>
      <input_file id="fl-41">
         <path>C:\ti\Hercules\Cortex-R4 CMSIS DSP Library\1.0.0\Lib\</path>
         <kind>archive</kind>
         <file>arm_math_Cortex_R4_bspf.lib</file>
         <name>arm_mat_mult_f32.o</name>
      </input_file>
      <input_file id="fl-42">
         <path>C:\ti\Hercules\Cortex-R4 CMSIS DSP Library\1.0.0\Lib\</path>
         <kind>archive</kind>
         <file>arm_math_Cortex_R4_bspf.lib</file>
         <name>arm_mat_scale_f32.o</name>
      </input_file>
      <input_file id="fl-43">
         <path>C:\ti\Hercules\Cortex-R4 CMSIS DSP Library\1.0.0\Lib\</path>
         <kind>archive</kind>
         <file>arm_math_Cortex_R4_bspf.lib</file>
         <name>arm_mat_sub_f32.o</name>
      </input_file>
      <input_file id="fl-44">
         <path>C:\ti\Hercules\Cortex-R4 CMSIS DSP Library\1.0.0\Lib\</path>
         <kind>archive</kind>
         <file>arm_math_Cortex_R4_bspf.lib</file>
         <name>arm_mat_trans_f32.o</name>
      </input_file>
      <input_file id="fl-45">
         <path>C:\ti\Hercules\Cortex-R4 CMSIS DSP Library\1.0.0\Lib\</path>
         <kind>archive</kind>
         <file>arm_math_Cortex_R4_bspf.lib</file>
         <name>arm_rms_f32.o</name>
      </input_file>
   </input_file_list>
   <object_component_list>
      <object_component id="oc-2b">
         <name>.intvecs</name>
         <load_address>0x0</load_address>
         <run_address>0x0</run_address>
         <size>0x20</size>
         <input_file_ref idref="fl-c"/>
      </object_component>
      <object_component id="oc-7f">
         <name>.text</name>
         <load_address>0x20</load_address>
         <run_address>0x20</run_address>
         <size>0x2cdc</size>
         <input_file_ref idref="fl-13"/>
      </object_component>
      <object_component id="oc-8c">
         <name>.text</name>
         <load_address>0x2cfc</load_address>
         <run_address>0x2cfc</run_address>
         <size>0x1bf8</size>
         <input_file_ref idref="fl-d"/>
      </object_component>
      <object_component id="oc-79">
         <name>.text</name>
         <load_address>0x48f4</load_address>
         <run_address>0x48f4</run_address>
         <size>0xb64</size>
         <input_file_ref idref="fl-16"/>
      </object_component>
      <object_component id="oc-3a">
         <name>.text</name>
         <load_address>0x5458</load_address>
         <run_address>0x5458</run_address>
         <size>0xa54</size>
         <input_file_ref idref="fl-15"/>
      </object_component>
      <object_component id="oc-2b5">
         <name>.text:__TI_printfi</name>
         <load_address>0x5eac</load_address>
         <run_address>0x5eac</run_address>
         <size>0xa4e</size>
         <input_file_ref idref="fl-30"/>
      </object_component>
      <object_component id="oc-424">
         <name>.text:_nop</name>
         <load_address>0x68fa</load_address>
         <run_address>0x68fa</run_address>
         <size>0x2</size>
         <input_file_ref idref="fl-2b"/>
      </object_component>
      <object_component id="oc-e2">
         <name>.text</name>
         <load_address>0x68fc</load_address>
         <run_address>0x68fc</run_address>
         <size>0x8ac</size>
         <input_file_ref idref="fl-8"/>
      </object_component>
      <object_component id="oc-12e">
         <name>.text</name>
         <load_address>0x71a8</load_address>
         <run_address>0x71a8</run_address>
         <size>0x7b8</size>
         <input_file_ref idref="fl-9"/>
      </object_component>
      <object_component id="oc-15a">
         <name>.text:pow</name>
         <load_address>0x7960</load_address>
         <run_address>0x7960</run_address>
         <size>0x68c</size>
         <input_file_ref idref="fl-1c"/>
      </object_component>
      <object_component id="oc-6d">
         <name>.text</name>
         <load_address>0x7fec</load_address>
         <run_address>0x7fec</run_address>
         <size>0x664</size>
         <input_file_ref idref="fl-4"/>
      </object_component>
      <object_component id="oc-85">
         <name>.text</name>
         <load_address>0x8650</load_address>
         <run_address>0x8650</run_address>
         <size>0x5bc</size>
         <input_file_ref idref="fl-5"/>
      </object_component>
      <object_component id="oc-1a6">
         <name>.text</name>
         <load_address>0x8c0c</load_address>
         <run_address>0x8c0c</run_address>
         <size>0x584</size>
         <input_file_ref idref="fl-40"/>
      </object_component>
      <object_component id="oc-68">
         <name>.text</name>
         <load_address>0x9190</load_address>
         <run_address>0x9190</run_address>
         <size>0x34c</size>
         <input_file_ref idref="fl-a"/>
      </object_component>
      <object_component id="oc-36">
         <name>.text:retain</name>
         <load_address>0x94dc</load_address>
         <run_address>0x94dc</run_address>
         <size>0x2cc</size>
         <input_file_ref idref="fl-15"/>
      </object_component>
      <object_component id="oc-457">
         <name>.text</name>
         <load_address>0x97a8</load_address>
         <run_address>0x97a8</run_address>
         <size>0x2b4</size>
         <input_file_ref idref="fl-31"/>
      </object_component>
      <object_component id="oc-1c">
         <name>.text:retain</name>
         <load_address>0x9a5c</load_address>
         <run_address>0x9a5c</run_address>
         <size>0x288</size>
         <input_file_ref idref="fl-14"/>
      </object_component>
      <object_component id="oc-3ce">
         <name>.text:_pconv_a</name>
         <load_address>0x9ce4</load_address>
         <run_address>0x9ce4</run_address>
         <size>0x248</size>
         <input_file_ref idref="fl-30"/>
      </object_component>
      <object_component id="oc-3bc">
         <name>.text:_pconv_g</name>
         <load_address>0x9f2c</load_address>
         <run_address>0x9f2c</run_address>
         <size>0x1a0</size>
         <input_file_ref idref="fl-30"/>
      </object_component>
      <object_component id="oc-150">
         <name>.text</name>
         <load_address>0xa0cc</load_address>
         <run_address>0xa0cc</run_address>
         <size>0x19c</size>
         <input_file_ref idref="fl-3e"/>
      </object_component>
      <object_component id="oc-1a1">
         <name>.text</name>
         <load_address>0xa268</load_address>
         <run_address>0xa268</run_address>
         <size>0x19c</size>
         <input_file_ref idref="fl-43"/>
      </object_component>
      <object_component id="oc-14b">
         <name>.text</name>
         <load_address>0xa404</load_address>
         <run_address>0xa404</run_address>
         <size>0x14c</size>
         <input_file_ref idref="fl-42"/>
      </object_component>
      <object_component id="oc-155">
         <name>.text</name>
         <load_address>0xa550</load_address>
         <run_address>0xa550</run_address>
         <size>0x134</size>
         <input_file_ref idref="fl-41"/>
      </object_component>
      <object_component id="oc-22">
         <name>.text:retain</name>
         <load_address>0xa684</load_address>
         <run_address>0xa684</run_address>
         <size>0x114</size>
         <input_file_ref idref="fl-5"/>
      </object_component>
      <object_component id="oc-197">
         <name>.text</name>
         <load_address>0xa798</load_address>
         <run_address>0xa798</run_address>
         <size>0x108</size>
         <input_file_ref idref="fl-3b"/>
      </object_component>
      <object_component id="oc-3c8">
         <name>.text:_pconv_e</name>
         <load_address>0xa8a0</load_address>
         <run_address>0xa8a0</run_address>
         <size>0x104</size>
         <input_file_ref idref="fl-30"/>
      </object_component>
      <object_component id="oc-1c6">
         <name>.text</name>
         <load_address>0xa9a4</load_address>
         <run_address>0xa9a4</run_address>
         <size>0x104</size>
         <input_file_ref idref="fl-45"/>
      </object_component>
      <object_component id="oc-2d0">
         <name>.text:aligned_alloc</name>
         <load_address>0xaaa8</load_address>
         <run_address>0xaaa8</run_address>
         <size>0x100</size>
         <input_file_ref idref="fl-2c"/>
      </object_component>
      <object_component id="oc-470">
         <name>.text:fcvt</name>
         <load_address>0xaba8</load_address>
         <run_address>0xaba8</run_address>
         <size>0xfc</size>
         <input_file_ref idref="fl-30"/>
      </object_component>
      <object_component id="oc-2e6">
         <name>.text:scalbn</name>
         <load_address>0xaca4</load_address>
         <run_address>0xaca4</run_address>
         <size>0xf0</size>
         <input_file_ref idref="fl-1f"/>
      </object_component>
      <object_component id="oc-a3">
         <name>.text</name>
         <load_address>0xad94</load_address>
         <run_address>0xad94</run_address>
         <size>0xe8</size>
         <input_file_ref idref="fl-3"/>
      </object_component>
      <object_component id="oc-19c">
         <name>.text</name>
         <load_address>0xae7c</load_address>
         <run_address>0xae7c</run_address>
         <size>0xe4</size>
         <input_file_ref idref="fl-44"/>
      </object_component>
      <object_component id="oc-2a2">
         <name>.text:floor</name>
         <load_address>0xaf60</load_address>
         <run_address>0xaf60</run_address>
         <size>0xe0</size>
         <input_file_ref idref="fl-1e"/>
      </object_component>
      <object_component id="oc-ea">
         <name>.text</name>
         <load_address>0xb040</load_address>
         <run_address>0xb040</run_address>
         <size>0xe0</size>
         <input_file_ref idref="fl-12"/>
      </object_component>
      <object_component id="oc-160">
         <name>.text</name>
         <load_address>0xb120</load_address>
         <run_address>0xb120</run_address>
         <size>0xd0</size>
         <input_file_ref idref="fl-3c"/>
      </object_component>
      <object_component id="oc-165">
         <name>.text</name>
         <load_address>0xb1f0</load_address>
         <run_address>0xb1f0</run_address>
         <size>0xd0</size>
         <input_file_ref idref="fl-3d"/>
      </object_component>
      <object_component id="oc-3b6">
         <name>.text:_ltostr</name>
         <load_address>0xb2c0</load_address>
         <run_address>0xb2c0</run_address>
         <size>0xad</size>
         <input_file_ref idref="fl-30"/>
      </object_component>
      <object_component id="oc-4bc">
         <name>.text</name>
         <load_address>0xb36e</load_address>
         <run_address>0xb36e</run_address>
         <size>0x2</size>
         <input_file_ref idref="fl-3a"/>
      </object_component>
      <object_component id="oc-94">
         <name>.text</name>
         <load_address>0xb370</load_address>
         <run_address>0xb370</run_address>
         <size>0xa8</size>
         <input_file_ref idref="fl-7"/>
      </object_component>
      <object_component id="oc-50">
         <name>.text</name>
         <load_address>0xb418</load_address>
         <run_address>0xb418</run_address>
         <size>0x9c</size>
         <input_file_ref idref="fl-23"/>
      </object_component>
      <object_component id="oc-469">
         <name>.text:_mcpy</name>
         <load_address>0xb4b4</load_address>
         <run_address>0xb4b4</run_address>
         <size>0x7a</size>
         <input_file_ref idref="fl-30"/>
      </object_component>
      <object_component id="oc-d4">
         <name>.text</name>
         <load_address>0xb52e</load_address>
         <run_address>0xb52e</run_address>
         <size>0x7a</size>
         <input_file_ref idref="fl-24"/>
      </object_component>
      <object_component id="oc-47e">
         <name>.text:frexp</name>
         <load_address>0xb5a8</load_address>
         <run_address>0xb5a8</run_address>
         <size>0x74</size>
         <input_file_ref idref="fl-38"/>
      </object_component>
      <object_component id="oc-3fe">
         <name>.text:split</name>
         <load_address>0xb61c</load_address>
         <run_address>0xb61c</run_address>
         <size>0x74</size>
         <input_file_ref idref="fl-2c"/>
      </object_component>
      <object_component id="oc-f">
         <name>.text:decompress:lzss:__TI_decompress_lzss</name>
         <load_address>0xb690</load_address>
         <run_address>0xb690</run_address>
         <size>0x6c</size>
         <input_file_ref idref="fl-29"/>
      </object_component>
      <object_component id="oc-45d">
         <name>.text:__TI_ltoa</name>
         <load_address>0xb6fc</load_address>
         <run_address>0xb6fc</run_address>
         <size>0x54</size>
         <input_file_ref idref="fl-32"/>
      </object_component>
      <object_component id="oc-463">
         <name>.text:_ecpy</name>
         <load_address>0xb750</load_address>
         <run_address>0xb750</run_address>
         <size>0x54</size>
         <input_file_ref idref="fl-30"/>
      </object_component>
      <object_component id="oc-3c2">
         <name>.text:_pconv_f</name>
         <load_address>0xb7a4</load_address>
         <run_address>0xb7a4</run_address>
         <size>0x50</size>
         <input_file_ref idref="fl-30"/>
      </object_component>
      <object_component id="oc-3b0">
         <name>.text:atoi</name>
         <load_address>0xb7f4</load_address>
         <run_address>0xb7f4</run_address>
         <size>0x50</size>
         <input_file_ref idref="fl-33"/>
      </object_component>
      <object_component id="oc-f8">
         <name>.text:__TI_auto_init_nobinit_nopinit:__TI_auto_init_nobinit_nopinit</name>
         <load_address>0xb844</load_address>
         <run_address>0xb844</run_address>
         <size>0x44</size>
         <input_file_ref idref="fl-25"/>
      </object_component>
      <object_component id="oc-476">
         <name>.text:_fcpy</name>
         <load_address>0xb888</load_address>
         <run_address>0xb888</run_address>
         <size>0x40</size>
         <input_file_ref idref="fl-30"/>
      </object_component>
      <object_component id="oc-139">
         <name>.text:sprintf</name>
         <load_address>0xb8c8</load_address>
         <run_address>0xb8c8</run_address>
         <size>0x40</size>
         <input_file_ref idref="fl-22"/>
      </object_component>
      <object_component id="oc-1cb">
         <name>.text:sqrt</name>
         <load_address>0xb908</load_address>
         <run_address>0xb908</run_address>
         <size>0x2c</size>
         <input_file_ref idref="fl-1d"/>
      </object_component>
      <object_component id="oc-3f8">
         <name>.text:free_list_insert</name>
         <load_address>0xb934</load_address>
         <run_address>0xb934</run_address>
         <size>0x28</size>
         <input_file_ref idref="fl-2c"/>
      </object_component>
      <object_component id="oc-128">
         <name>.text:sqrtf</name>
         <load_address>0xb95c</load_address>
         <run_address>0xb95c</run_address>
         <size>0x28</size>
         <input_file_ref idref="fl-21"/>
      </object_component>
      <object_component id="oc-3d4">
         <name>.text:memccpy</name>
         <load_address>0xb984</load_address>
         <run_address>0xb984</run_address>
         <size>0x26</size>
         <input_file_ref idref="fl-35"/>
      </object_component>
      <object_component id="oc-408">
         <name>.text:copysign</name>
         <load_address>0xb9aa</load_address>
         <run_address>0xb9aa</run_address>
         <size>0x1e</size>
         <input_file_ref idref="fl-20"/>
      </object_component>
      <object_component id="oc-13f">
         <name>.text:strcat</name>
         <load_address>0xb9c8</load_address>
         <run_address>0xb9c8</run_address>
         <size>0x1e</size>
         <input_file_ref idref="fl-2d"/>
      </object_component>
      <object_component id="oc-5c">
         <name>.text:decompress:ZI:__TI_zero_init_nomemset:__TI_zero_init_nomemset</name>
         <load_address>0xb9e6</load_address>
         <run_address>0xb9e6</run_address>
         <size>0x1c</size>
         <input_file_ref idref="fl-27"/>
      </object_component>
      <object_component id="oc-3f2">
         <name>.text:free_list_remove</name>
         <load_address>0xba04</load_address>
         <run_address>0xba04</run_address>
         <size>0x1c</size>
         <input_file_ref idref="fl-2c"/>
      </object_component>
      <object_component id="oc-2bb">
         <name>.text:_outs</name>
         <load_address>0xba20</load_address>
         <run_address>0xba20</run_address>
         <size>0x1a</size>
         <input_file_ref idref="fl-22"/>
      </object_component>
      <object_component id="oc-16a">
         <name>.text:strcmp</name>
         <load_address>0xba3a</load_address>
         <run_address>0xba3a</run_address>
         <size>0x18</size>
         <input_file_ref idref="fl-2e"/>
      </object_component>
      <object_component id="oc-484">
         <name>.text:strchr</name>
         <load_address>0xba52</load_address>
         <run_address>0xba52</run_address>
         <size>0x16</size>
         <input_file_ref idref="fl-36"/>
      </object_component>
      <object_component id="oc-3aa">
         <name>.text:strlen</name>
         <load_address>0xba68</load_address>
         <run_address>0xba68</run_address>
         <size>0x16</size>
         <input_file_ref idref="fl-37"/>
      </object_component>
      <object_component id="oc-3da">
         <name>.text:wcslen</name>
         <load_address>0xba7e</load_address>
         <run_address>0xba7e</run_address>
         <size>0x12</size>
         <input_file_ref idref="fl-39"/>
      </object_component>
      <object_component id="oc-134">
         <name>.text</name>
         <load_address>0xba90</load_address>
         <run_address>0xba90</run_address>
         <size>0x10</size>
         <input_file_ref idref="fl-3f"/>
      </object_component>
      <object_component id="oc-15">
         <name>.text:decompress:none:__TI_decompress_none</name>
         <load_address>0xbaa0</load_address>
         <run_address>0xbaa0</run_address>
         <size>0xe</size>
         <input_file_ref idref="fl-28"/>
      </object_component>
      <object_component id="oc-2c1">
         <name>.text:_outc</name>
         <load_address>0xbaae</load_address>
         <run_address>0xbaae</run_address>
         <size>0xa</size>
         <input_file_ref idref="fl-22"/>
      </object_component>
      <object_component id="oc-29a">
         <name>.text:__aeabi_errno_addr</name>
         <load_address>0xbab8</load_address>
         <run_address>0xbab8</run_address>
         <size>0x8</size>
         <input_file_ref idref="fl-2f"/>
      </object_component>
      <object_component id="oc-145">
         <name>.text:malloc</name>
         <load_address>0xbac0</load_address>
         <run_address>0xbac0</run_address>
         <size>0x8</size>
         <input_file_ref idref="fl-2c"/>
      </object_component>
      <object_component id="oc-1e6">
         <name>.text:abort:abort</name>
         <load_address>0xbac8</load_address>
         <run_address>0xbac8</run_address>
         <size>0x4</size>
         <input_file_ref idref="fl-2a"/>
      </object_component>
      <object_component id="oc-30">
         <name>.text:retain</name>
         <load_address>0xbacc</load_address>
         <run_address>0xbacc</run_address>
         <size>0x4</size>
         <input_file_ref idref="fl-10"/>
      </object_component>
      <object_component id="oc-73">
         <name>.text</name>
         <load_address>0xbad0</load_address>
         <run_address>0xbad0</run_address>
         <size>0x4</size>
         <input_file_ref idref="fl-14"/>
      </object_component>
      <object_component id="oc-1ab">
         <name>.const:.string:$P$T10$11</name>
         <load_address>0xbad8</load_address>
         <run_address>0xbad8</run_address>
         <size>0x4b0</size>
         <input_file_ref idref="fl-d"/>
      </object_component>
      <object_component id="oc-18b">
         <name>.const:.string:$P$T6$7</name>
         <load_address>0xbf88</load_address>
         <run_address>0xbf88</run_address>
         <size>0x4b0</size>
         <input_file_ref idref="fl-d"/>
      </object_component>
      <object_component id="oc-28">
         <name>.const:s_vim_init</name>
         <load_address>0xc438</load_address>
         <run_address>0xc438</run_address>
         <size>0x200</size>
         <input_file_ref idref="fl-15"/>
      </object_component>
      <object_component id="oc-452">
         <name>.const:.string:_ctypes_</name>
         <load_address>0xc638</load_address>
         <run_address>0xc638</run_address>
         <size>0x101</size>
         <input_file_ref idref="fl-34"/>
      </object_component>
      <object_component id="oc-1ae">
         <name>.const:.string:$P$T11$12</name>
         <load_address>0xc739</load_address>
         <run_address>0xc739</run_address>
         <size>0x3</size>
         <input_file_ref idref="fl-d"/>
      </object_component>
      <object_component id="oc-1b7">
         <name>.const:$P$T14$15</name>
         <load_address>0xc73c</load_address>
         <run_address>0xc73c</run_address>
         <size>0x40</size>
         <input_file_ref idref="fl-d"/>
      </object_component>
      <object_component id="oc-1b1">
         <name>.const:.string:$P$T12$13</name>
         <load_address>0xc77c</load_address>
         <run_address>0xc77c</run_address>
         <size>0x3</size>
         <input_file_ref idref="fl-d"/>
      </object_component>
      <object_component id="oc-2ec">
         <name>.const:$O1$$</name>
         <load_address>0xc780</load_address>
         <run_address>0xc780</run_address>
         <size>0x30</size>
         <input_file_ref idref="fl-1c"/>
      </object_component>
      <object_component id="oc-173">
         <name>.const:$P$T1$2</name>
         <load_address>0xc7b0</load_address>
         <run_address>0xc7b0</run_address>
         <size>0x10</size>
         <input_file_ref idref="fl-d"/>
      </object_component>
      <object_component id="oc-170">
         <name>.const:$P$T0$1</name>
         <load_address>0xc7c0</load_address>
         <run_address>0xc7c0</run_address>
         <size>0xc</size>
         <input_file_ref idref="fl-d"/>
      </object_component>
      <object_component id="oc-176">
         <name>.const:$P$T2$3</name>
         <load_address>0xc7cc</load_address>
         <run_address>0xc7cc</run_address>
         <size>0xc</size>
         <input_file_ref idref="fl-d"/>
      </object_component>
      <object_component id="oc-179">
         <name>.const:$P$T3$4</name>
         <load_address>0xc7d8</load_address>
         <run_address>0xc7d8</run_address>
         <size>0xc</size>
         <input_file_ref idref="fl-d"/>
      </object_component>
      <object_component id="oc-17c">
         <name>.const:$P$T4$5</name>
         <load_address>0xc7e4</load_address>
         <run_address>0xc7e4</run_address>
         <size>0xc</size>
         <input_file_ref idref="fl-d"/>
      </object_component>
      <object_component id="oc-17f">
         <name>.const:$P$T5$6</name>
         <load_address>0xc7f0</load_address>
         <run_address>0xc7f0</run_address>
         <size>0xc</size>
         <input_file_ref idref="fl-d"/>
      </object_component>
      <object_component id="oc-1b4">
         <name>.const:.string:$P$T13$14</name>
         <load_address>0xc7fc</load_address>
         <run_address>0xc7fc</run_address>
         <size>0x3</size>
         <input_file_ref idref="fl-d"/>
      </object_component>
      <object_component id="oc-18e">
         <name>.const:.string:$P$T7$8</name>
         <load_address>0xc7ff</load_address>
         <run_address>0xc7ff</run_address>
         <size>0x3</size>
         <input_file_ref idref="fl-d"/>
      </object_component>
      <object_component id="oc-191">
         <name>.const:.string:$P$T8$9</name>
         <load_address>0xc802</load_address>
         <run_address>0xc802</run_address>
         <size>0x3</size>
         <input_file_ref idref="fl-d"/>
      </object_component>
      <object_component id="oc-194">
         <name>.const:.string:$P$T9$10</name>
         <load_address>0xc805</load_address>
         <run_address>0xc805</run_address>
         <size>0x3</size>
         <input_file_ref idref="fl-d"/>
      </object_component>
      <object_component id="oc-510">
         <name>.cinit..data.load</name>
         <load_address>0xd020</load_address>
         <run_address>0xd020</run_address>
         <size>0x1b</size>
      </object_component>
      <object_component id="oc-50d">
         <name>__TI_handler_table</name>
         <load_address>0xd03c</load_address>
         <run_address>0xd03c</run_address>
         <size>0xc</size>
      </object_component>
      <object_component id="oc-50f">
         <name>.cinit..bss.load</name>
         <load_address>0xd048</load_address>
         <run_address>0xd048</run_address>
         <size>0x8</size>
      </object_component>
      <object_component id="oc-50e">
         <name>__TI_cinit_table</name>
         <load_address>0xd050</load_address>
         <run_address>0xd050</run_address>
         <size>0x10</size>
      </object_component>
      <object_component id="oc-2a8">
         <name>.bss:g_sciTransfer_t</name>
         <uninitialized>true</uninitialized>
         <run_address>0x8001e50</run_address>
         <size>0x28</size>
         <input_file_ref idref="fl-9"/>
      </object_component>
      <object_component id="oc-1c0">
         <name>.data:eye</name>
         <load_address>0x8001d60</load_address>
         <run_address>0x8001d60</run_address>
         <size>0x40</size>
         <input_file_ref idref="fl-d"/>
      </object_component>
      <object_component id="oc-182">
         <name>.data:zeros16</name>
         <load_address>0x8001da0</load_address>
         <run_address>0x8001da0</run_address>
         <size>0x40</size>
         <input_file_ref idref="fl-d"/>
      </object_component>
      <object_component id="oc-188">
         <name>.data:zeros24</name>
         <load_address>0x8001d00</load_address>
         <run_address>0x8001d00</run_address>
         <size>0x60</size>
         <input_file_ref idref="fl-d"/>
      </object_component>
      <object_component id="oc-1d1">
         <name>.data:zeros9</name>
         <load_address>0x8001de0</load_address>
         <run_address>0x8001de0</run_address>
         <size>0x24</size>
         <input_file_ref idref="fl-d"/>
      </object_component>
      <object_component id="oc-1ba">
         <name>.data:zeros4</name>
         <load_address>0x8001e1c</load_address>
         <run_address>0x8001e1c</run_address>
         <size>0x10</size>
         <input_file_ref idref="fl-d"/>
      </object_component>
      <object_component id="oc-1c3">
         <name>.data:zeros3</name>
         <load_address>0x8001e2c</load_address>
         <run_address>0x8001e2c</run_address>
         <size>0xc</size>
         <input_file_ref idref="fl-d"/>
      </object_component>
      <object_component id="oc-185">
         <name>.data:zeros6</name>
         <load_address>0x8001e04</load_address>
         <run_address>0x8001e04</run_address>
         <size>0x18</size>
         <input_file_ref idref="fl-d"/>
      </object_component>
      <object_component id="oc-1bd">
         <name>.data</name>
         <load_address>0x8001e4c</load_address>
         <run_address>0x8001e4c</run_address>
         <size>0x4</size>
         <input_file_ref idref="fl-d"/>
      </object_component>
      <object_component id="oc-361">
         <name>.data:$O1$$</name>
         <load_address>0x8001e38</load_address>
         <run_address>0x8001e38</run_address>
         <size>0x8</size>
         <input_file_ref idref="fl-2b"/>
      </object_component>
      <object_component id="oc-404">
         <name>.data:$O1$$</name>
         <load_address>0x8001e40</load_address>
         <run_address>0x8001e40</run_address>
         <size>0x8</size>
         <input_file_ref idref="fl-2c"/>
      </object_component>
      <object_component id="oc-393">
         <name>.data</name>
         <load_address>0x8001e48</load_address>
         <run_address>0x8001e48</run_address>
         <size>0x4</size>
         <input_file_ref idref="fl-2f"/>
      </object_component>
      <object_component id="oc-42">
         <name>.sysmem</name>
         <uninitialized>true</uninitialized>
         <run_address>0x8001500</run_address>
         <size>0x10</size>
         <input_file_ref idref="fl-2c"/>
      </object_component>
      <object_component id="oc-512">
         <name>.sysmem</name>
         <uninitialized>true</uninitialized>
         <run_address>0x8001500</run_address>
         <size>0x0</size>
      </object_component>
      <object_component id="oc-224">
         <name>.debug_info</name>
         <load_address>0x0</load_address>
         <run_address>0x0</run_address>
         <size>0x306</size>
         <input_file_ref idref="fl-2"/>
      </object_component>
      <object_component id="oc-245">
         <name>.debug_info</name>
         <load_address>0x306</load_address>
         <run_address>0x306</run_address>
         <size>0x791</size>
         <input_file_ref idref="fl-2"/>
      </object_component>
      <object_component id="oc-1fb">
         <name>.debug_info</name>
         <load_address>0xa97</load_address>
         <run_address>0xa97</run_address>
         <size>0x26b</size>
         <input_file_ref idref="fl-2"/>
      </object_component>
      <object_component id="oc-9b">
         <name>.debug_info</name>
         <load_address>0xd02</load_address>
         <run_address>0xd02</run_address>
         <size>0x157</size>
         <input_file_ref idref="fl-2"/>
      </object_component>
      <object_component id="oc-b1">
         <name>.debug_info</name>
         <load_address>0xe59</load_address>
         <run_address>0xe59</run_address>
         <size>0x8b</size>
         <input_file_ref idref="fl-2"/>
      </object_component>
      <object_component id="oc-ac">
         <name>.debug_info</name>
         <load_address>0xee4</load_address>
         <run_address>0xee4</run_address>
         <size>0x18c</size>
         <input_file_ref idref="fl-2"/>
      </object_component>
      <object_component id="oc-358">
         <name>.debug_info</name>
         <load_address>0x1070</load_address>
         <run_address>0x1070</run_address>
         <size>0x2a4</size>
         <input_file_ref idref="fl-2"/>
      </object_component>
      <object_component id="oc-1dc">
         <name>.debug_info</name>
         <load_address>0x1314</load_address>
         <run_address>0x1314</run_address>
         <size>0xbb</size>
         <input_file_ref idref="fl-2"/>
      </object_component>
      <object_component id="oc-b6">
         <name>.debug_info</name>
         <load_address>0x13cf</load_address>
         <run_address>0x13cf</run_address>
         <size>0x86</size>
         <input_file_ref idref="fl-2"/>
      </object_component>
      <object_component id="oc-371">
         <name>.debug_info</name>
         <load_address>0x1455</load_address>
         <run_address>0x1455</run_address>
         <size>0x38f</size>
         <input_file_ref idref="fl-2"/>
      </object_component>
      <object_component id="oc-219">
         <name>.debug_info</name>
         <load_address>0x17e4</load_address>
         <run_address>0x17e4</run_address>
         <size>0x2d0</size>
         <input_file_ref idref="fl-2"/>
      </object_component>
      <object_component id="oc-a4">
         <name>.debug_info</name>
         <load_address>0x1ab4</load_address>
         <run_address>0x1ab4</run_address>
         <size>0xf6</size>
         <input_file_ref idref="fl-3"/>
      </object_component>
      <object_component id="oc-240">
         <name>.debug_info</name>
         <load_address>0x1baa</load_address>
         <run_address>0x1baa</run_address>
         <size>0x2b5</size>
         <input_file_ref idref="fl-4"/>
      </object_component>
      <object_component id="oc-70">
         <name>.debug_info</name>
         <load_address>0x1e5f</load_address>
         <run_address>0x1e5f</run_address>
         <size>0x636</size>
         <input_file_ref idref="fl-4"/>
      </object_component>
      <object_component id="oc-4b">
         <name>.debug_info</name>
         <load_address>0x2495</load_address>
         <run_address>0x2495</run_address>
         <size>0x84</size>
         <input_file_ref idref="fl-4"/>
      </object_component>
      <object_component id="oc-dc">
         <name>.debug_info</name>
         <load_address>0x2519</load_address>
         <run_address>0x2519</run_address>
         <size>0x9e7</size>
         <input_file_ref idref="fl-4"/>
      </object_component>
      <object_component id="oc-f7">
         <name>.debug_info</name>
         <load_address>0x2f00</load_address>
         <run_address>0x2f00</run_address>
         <size>0x30d</size>
         <input_file_ref idref="fl-5"/>
      </object_component>
      <object_component id="oc-88">
         <name>.debug_info</name>
         <load_address>0x320d</load_address>
         <run_address>0x320d</run_address>
         <size>0xb22</size>
         <input_file_ref idref="fl-5"/>
      </object_component>
      <object_component id="oc-24">
         <name>.debug_info</name>
         <load_address>0x3d2f</load_address>
         <run_address>0x3d2f</run_address>
         <size>0x182</size>
         <input_file_ref idref="fl-5"/>
      </object_component>
      <object_component id="oc-200">
         <name>.debug_info</name>
         <load_address>0x3eb1</load_address>
         <run_address>0x3eb1</run_address>
         <size>0x1de</size>
         <input_file_ref idref="fl-5"/>
      </object_component>
      <object_component id="oc-f2">
         <name>.debug_info</name>
         <load_address>0x408f</load_address>
         <run_address>0x408f</run_address>
         <size>0x129</size>
         <input_file_ref idref="fl-5"/>
      </object_component>
      <object_component id="oc-36e">
         <name>.debug_info</name>
         <load_address>0x41b8</load_address>
         <run_address>0x41b8</run_address>
         <size>0x290</size>
         <input_file_ref idref="fl-6"/>
      </object_component>
      <object_component id="oc-20a">
         <name>.debug_info</name>
         <load_address>0x4448</load_address>
         <run_address>0x4448</run_address>
         <size>0x1f9</size>
         <input_file_ref idref="fl-6"/>
      </object_component>
      <object_component id="oc-432">
         <name>.debug_info</name>
         <load_address>0x4641</load_address>
         <run_address>0x4641</run_address>
         <size>0x12a</size>
         <input_file_ref idref="fl-6"/>
      </object_component>
      <object_component id="oc-1f3">
         <name>.debug_info</name>
         <load_address>0x476b</load_address>
         <run_address>0x476b</run_address>
         <size>0x49d</size>
         <input_file_ref idref="fl-7"/>
      </object_component>
      <object_component id="oc-95">
         <name>.debug_info</name>
         <load_address>0x4c08</load_address>
         <run_address>0x4c08</run_address>
         <size>0x7c2</size>
         <input_file_ref idref="fl-7"/>
      </object_component>
      <object_component id="oc-24a">
         <name>.debug_info</name>
         <load_address>0x53ca</load_address>
         <run_address>0x53ca</run_address>
         <size>0x4de</size>
         <input_file_ref idref="fl-7"/>
      </object_component>
      <object_component id="oc-24f">
         <name>.debug_info</name>
         <load_address>0x58a8</load_address>
         <run_address>0x58a8</run_address>
         <size>0x3ce</size>
         <input_file_ref idref="fl-7"/>
      </object_component>
      <object_component id="oc-369">
         <name>.debug_info</name>
         <load_address>0x5c76</load_address>
         <run_address>0x5c76</run_address>
         <size>0x7cd</size>
         <input_file_ref idref="fl-7"/>
      </object_component>
      <object_component id="oc-1f4">
         <name>.debug_info</name>
         <load_address>0x6443</load_address>
         <run_address>0x6443</run_address>
         <size>0x673</size>
         <input_file_ref idref="fl-7"/>
      </object_component>
      <object_component id="oc-238">
         <name>.debug_info</name>
         <load_address>0x6ab6</load_address>
         <run_address>0x6ab6</run_address>
         <size>0x2c</size>
         <input_file_ref idref="fl-7"/>
      </object_component>
      <object_component id="oc-254">
         <name>.debug_info</name>
         <load_address>0x6ae2</load_address>
         <run_address>0x6ae2</run_address>
         <size>0x35</size>
         <input_file_ref idref="fl-7"/>
      </object_component>
      <object_component id="oc-259">
         <name>.debug_info</name>
         <load_address>0x6b17</load_address>
         <run_address>0x6b17</run_address>
         <size>0x437</size>
         <input_file_ref idref="fl-7"/>
      </object_component>
      <object_component id="oc-284">
         <name>.debug_info</name>
         <load_address>0x6f4e</load_address>
         <run_address>0x6f4e</run_address>
         <size>0x37b</size>
         <input_file_ref idref="fl-7"/>
      </object_component>
      <object_component id="oc-25e">
         <name>.debug_info</name>
         <load_address>0x72c9</load_address>
         <run_address>0x72c9</run_address>
         <size>0x1ca</size>
         <input_file_ref idref="fl-7"/>
      </object_component>
      <object_component id="oc-205">
         <name>.debug_info</name>
         <load_address>0x7493</load_address>
         <run_address>0x7493</run_address>
         <size>0x435</size>
         <input_file_ref idref="fl-7"/>
      </object_component>
      <object_component id="oc-277">
         <name>.debug_info</name>
         <load_address>0x78c8</load_address>
         <run_address>0x78c8</run_address>
         <size>0x551</size>
         <input_file_ref idref="fl-7"/>
      </object_component>
      <object_component id="oc-263">
         <name>.debug_info</name>
         <load_address>0x7e19</load_address>
         <run_address>0x7e19</run_address>
         <size>0x3d3</size>
         <input_file_ref idref="fl-7"/>
      </object_component>
      <object_component id="oc-26d">
         <name>.debug_info</name>
         <load_address>0x81ec</load_address>
         <run_address>0x81ec</run_address>
         <size>0x1de</size>
         <input_file_ref idref="fl-7"/>
      </object_component>
      <object_component id="oc-34e">
         <name>.debug_info</name>
         <load_address>0x83ca</load_address>
         <run_address>0x83ca</run_address>
         <size>0x243</size>
         <input_file_ref idref="fl-7"/>
      </object_component>
      <object_component id="oc-3a5">
         <name>.debug_info</name>
         <load_address>0x860d</load_address>
         <run_address>0x860d</run_address>
         <size>0x18e</size>
         <input_file_ref idref="fl-7"/>
      </object_component>
      <object_component id="oc-27c">
         <name>.debug_info</name>
         <load_address>0x879b</load_address>
         <run_address>0x879b</run_address>
         <size>0x17a</size>
         <input_file_ref idref="fl-7"/>
      </object_component>
      <object_component id="oc-20f">
         <name>.debug_info</name>
         <load_address>0x8915</load_address>
         <run_address>0x8915</run_address>
         <size>0x6a6</size>
         <input_file_ref idref="fl-7"/>
      </object_component>
      <object_component id="oc-214">
         <name>.debug_info</name>
         <load_address>0x8fbb</load_address>
         <run_address>0x8fbb</run_address>
         <size>0x13e</size>
         <input_file_ref idref="fl-7"/>
      </object_component>
      <object_component id="oc-242">
         <name>.debug_info</name>
         <load_address>0x90f9</load_address>
         <run_address>0x90f9</run_address>
         <size>0x277</size>
         <input_file_ref idref="fl-8"/>
      </object_component>
      <object_component id="oc-e4">
         <name>.debug_info</name>
         <load_address>0x9370</load_address>
         <run_address>0x9370</run_address>
         <size>0x1e0</size>
         <input_file_ref idref="fl-8"/>
      </object_component>
      <object_component id="oc-268">
         <name>.debug_info</name>
         <load_address>0x9550</load_address>
         <run_address>0x9550</run_address>
         <size>0x508</size>
         <input_file_ref idref="fl-8"/>
      </object_component>
      <object_component id="oc-37a">
         <name>.debug_info</name>
         <load_address>0x9a58</load_address>
         <run_address>0x9a58</run_address>
         <size>0x43c</size>
         <input_file_ref idref="fl-8"/>
      </object_component>
      <object_component id="oc-2ac">
         <name>.debug_info</name>
         <load_address>0x9e94</load_address>
         <run_address>0x9e94</run_address>
         <size>0x2dd</size>
         <input_file_ref idref="fl-9"/>
      </object_component>
      <object_component id="oc-2a9">
         <name>.debug_info</name>
         <load_address>0xa171</load_address>
         <run_address>0xa171</run_address>
         <size>0xe1</size>
         <input_file_ref idref="fl-9"/>
      </object_component>
      <object_component id="oc-12f">
         <name>.debug_info</name>
         <load_address>0xa252</load_address>
         <run_address>0xa252</run_address>
         <size>0xc31</size>
         <input_file_ref idref="fl-9"/>
      </object_component>
      <object_component id="oc-3a0">
         <name>.debug_info</name>
         <load_address>0xae83</load_address>
         <run_address>0xae83</run_address>
         <size>0x91</size>
         <input_file_ref idref="fl-9"/>
      </object_component>
      <object_component id="oc-6a">
         <name>.debug_info</name>
         <load_address>0xaf14</load_address>
         <run_address>0xaf14</run_address>
         <size>0x7eb</size>
         <input_file_ref idref="fl-a"/>
      </object_component>
      <object_component id="oc-2c">
         <name>.debug_info</name>
         <load_address>0xb6ff</load_address>
         <run_address>0xb6ff</run_address>
         <size>0xfe</size>
         <input_file_ref idref="fl-c"/>
      </object_component>
      <object_component id="oc-1da">
         <name>.debug_info</name>
         <load_address>0xb7fd</load_address>
         <run_address>0xb7fd</run_address>
         <size>0x8d8</size>
         <input_file_ref idref="fl-d"/>
      </object_component>
      <object_component id="oc-1c1">
         <name>.debug_info</name>
         <load_address>0xc0d5</load_address>
         <run_address>0xc0d5</run_address>
         <size>0xcf</size>
         <input_file_ref idref="fl-d"/>
      </object_component>
      <object_component id="oc-183">
         <name>.debug_info</name>
         <load_address>0xc1a4</load_address>
         <run_address>0xc1a4</run_address>
         <size>0xd7</size>
         <input_file_ref idref="fl-d"/>
      </object_component>
      <object_component id="oc-189">
         <name>.debug_info</name>
         <load_address>0xc27b</load_address>
         <run_address>0xc27b</run_address>
         <size>0xd7</size>
         <input_file_ref idref="fl-d"/>
      </object_component>
      <object_component id="oc-1d2">
         <name>.debug_info</name>
         <load_address>0xc352</load_address>
         <run_address>0xc352</run_address>
         <size>0xd5</size>
         <input_file_ref idref="fl-d"/>
      </object_component>
      <object_component id="oc-1bb">
         <name>.debug_info</name>
         <load_address>0xc427</load_address>
         <run_address>0xc427</run_address>
         <size>0xd5</size>
         <input_file_ref idref="fl-d"/>
      </object_component>
      <object_component id="oc-1c4">
         <name>.debug_info</name>
         <load_address>0xc4fc</load_address>
         <run_address>0xc4fc</run_address>
         <size>0xd5</size>
         <input_file_ref idref="fl-d"/>
      </object_component>
      <object_component id="oc-186">
         <name>.debug_info</name>
         <load_address>0xc5d1</load_address>
         <run_address>0xc5d1</run_address>
         <size>0xd5</size>
         <input_file_ref idref="fl-d"/>
      </object_component>
      <object_component id="oc-1be">
         <name>.debug_info</name>
         <load_address>0xc6a6</load_address>
         <run_address>0xc6a6</run_address>
         <size>0xcd</size>
         <input_file_ref idref="fl-d"/>
      </object_component>
      <object_component id="oc-171">
         <name>.debug_info</name>
         <load_address>0xc773</load_address>
         <run_address>0xc773</run_address>
         <size>0xd6</size>
         <input_file_ref idref="fl-d"/>
      </object_component>
      <object_component id="oc-174">
         <name>.debug_info</name>
         <load_address>0xc849</load_address>
         <run_address>0xc849</run_address>
         <size>0xd6</size>
         <input_file_ref idref="fl-d"/>
      </object_component>
      <object_component id="oc-177">
         <name>.debug_info</name>
         <load_address>0xc91f</load_address>
         <run_address>0xc91f</run_address>
         <size>0xd6</size>
         <input_file_ref idref="fl-d"/>
      </object_component>
      <object_component id="oc-17a">
         <name>.debug_info</name>
         <load_address>0xc9f5</load_address>
         <run_address>0xc9f5</run_address>
         <size>0xd6</size>
         <input_file_ref idref="fl-d"/>
      </object_component>
      <object_component id="oc-17d">
         <name>.debug_info</name>
         <load_address>0xcacb</load_address>
         <run_address>0xcacb</run_address>
         <size>0xd6</size>
         <input_file_ref idref="fl-d"/>
      </object_component>
      <object_component id="oc-180">
         <name>.debug_info</name>
         <load_address>0xcba1</load_address>
         <run_address>0xcba1</run_address>
         <size>0xd6</size>
         <input_file_ref idref="fl-d"/>
      </object_component>
      <object_component id="oc-18c">
         <name>.debug_info</name>
         <load_address>0xcc77</load_address>
         <run_address>0xcc77</run_address>
         <size>0xd6</size>
         <input_file_ref idref="fl-d"/>
      </object_component>
      <object_component id="oc-18f">
         <name>.debug_info</name>
         <load_address>0xcd4d</load_address>
         <run_address>0xcd4d</run_address>
         <size>0xd6</size>
         <input_file_ref idref="fl-d"/>
      </object_component>
      <object_component id="oc-192">
         <name>.debug_info</name>
         <load_address>0xce23</load_address>
         <run_address>0xce23</run_address>
         <size>0xd6</size>
         <input_file_ref idref="fl-d"/>
      </object_component>
      <object_component id="oc-195">
         <name>.debug_info</name>
         <load_address>0xcef9</load_address>
         <run_address>0xcef9</run_address>
         <size>0xd8</size>
         <input_file_ref idref="fl-d"/>
      </object_component>
      <object_component id="oc-1ac">
         <name>.debug_info</name>
         <load_address>0xcfd1</load_address>
         <run_address>0xcfd1</run_address>
         <size>0xda</size>
         <input_file_ref idref="fl-d"/>
      </object_component>
      <object_component id="oc-1af">
         <name>.debug_info</name>
         <load_address>0xd0ab</load_address>
         <run_address>0xd0ab</run_address>
         <size>0xda</size>
         <input_file_ref idref="fl-d"/>
      </object_component>
      <object_component id="oc-1b2">
         <name>.debug_info</name>
         <load_address>0xd185</load_address>
         <run_address>0xd185</run_address>
         <size>0xda</size>
         <input_file_ref idref="fl-d"/>
      </object_component>
      <object_component id="oc-1b5">
         <name>.debug_info</name>
         <load_address>0xd25f</load_address>
         <run_address>0xd25f</run_address>
         <size>0xda</size>
         <input_file_ref idref="fl-d"/>
      </object_component>
      <object_component id="oc-1b8">
         <name>.debug_info</name>
         <load_address>0xd339</load_address>
         <run_address>0xd339</run_address>
         <size>0xdb</size>
         <input_file_ref idref="fl-d"/>
      </object_component>
      <object_component id="oc-8e">
         <name>.debug_info</name>
         <load_address>0xd414</load_address>
         <run_address>0xd414</run_address>
         <size>0x2d2f</size>
         <input_file_ref idref="fl-d"/>
      </object_component>
      <object_component id="oc-1d5">
         <name>.debug_info</name>
         <load_address>0x10143</load_address>
         <run_address>0x10143</run_address>
         <size>0x19bc</size>
         <input_file_ref idref="fl-d"/>
      </object_component>
      <object_component id="oc-353">
         <name>.debug_info</name>
         <load_address>0x11aff</load_address>
         <run_address>0x11aff</run_address>
         <size>0x110</size>
         <input_file_ref idref="fl-d"/>
      </object_component>
      <object_component id="oc-1e1">
         <name>.debug_info</name>
         <load_address>0x11c0f</load_address>
         <run_address>0x11c0f</run_address>
         <size>0x7a</size>
         <input_file_ref idref="fl-d"/>
      </object_component>
      <object_component id="oc-2c9">
         <name>.debug_info</name>
         <load_address>0x11c89</load_address>
         <run_address>0x11c89</run_address>
         <size>0x2c</size>
         <input_file_ref idref="fl-d"/>
      </object_component>
      <object_component id="oc-37f">
         <name>.debug_info</name>
         <load_address>0x11cb5</load_address>
         <run_address>0x11cb5</run_address>
         <size>0x296</size>
         <input_file_ref idref="fl-f"/>
      </object_component>
      <object_component id="oc-439">
         <name>.debug_info</name>
         <load_address>0x11f4b</load_address>
         <run_address>0x11f4b</run_address>
         <size>0x242</size>
         <input_file_ref idref="fl-f"/>
      </object_component>
      <object_component id="oc-272">
         <name>.debug_info</name>
         <load_address>0x1218d</load_address>
         <run_address>0x1218d</run_address>
         <size>0x2af</size>
         <input_file_ref idref="fl-f"/>
      </object_component>
      <object_component id="oc-32">
         <name>.debug_info</name>
         <load_address>0x1243c</load_address>
         <run_address>0x1243c</run_address>
         <size>0x133</size>
         <input_file_ref idref="fl-10"/>
      </object_component>
      <object_component id="oc-ed">
         <name>.debug_info</name>
         <load_address>0x1256f</load_address>
         <run_address>0x1256f</run_address>
         <size>0x35d</size>
         <input_file_ref idref="fl-12"/>
      </object_component>
      <object_component id="oc-f0">
         <name>.debug_info</name>
         <load_address>0x128cc</load_address>
         <run_address>0x128cc</run_address>
         <size>0x66c</size>
         <input_file_ref idref="fl-13"/>
      </object_component>
      <object_component id="oc-80">
         <name>.debug_info</name>
         <load_address>0x12f38</load_address>
         <run_address>0x12f38</run_address>
         <size>0x2e85</size>
         <input_file_ref idref="fl-13"/>
      </object_component>
      <object_component id="oc-1e">
         <name>.debug_info</name>
         <load_address>0x15dbd</load_address>
         <run_address>0x15dbd</run_address>
         <size>0x5d9</size>
         <input_file_ref idref="fl-14"/>
      </object_component>
      <object_component id="oc-75">
         <name>.debug_info</name>
         <load_address>0x16396</load_address>
         <run_address>0x16396</run_address>
         <size>0x12c</size>
         <input_file_ref idref="fl-14"/>
      </object_component>
      <object_component id="oc-a2">
         <name>.debug_info</name>
         <load_address>0x164c2</load_address>
         <run_address>0x164c2</run_address>
         <size>0x442</size>
         <input_file_ref idref="fl-15"/>
      </object_component>
      <object_component id="oc-29">
         <name>.debug_info</name>
         <load_address>0x16904</load_address>
         <run_address>0x16904</run_address>
         <size>0xdb</size>
         <input_file_ref idref="fl-15"/>
      </object_component>
      <object_component id="oc-3b">
         <name>.debug_info</name>
         <load_address>0x169df</load_address>
         <run_address>0x169df</run_address>
         <size>0x46d</size>
         <input_file_ref idref="fl-15"/>
      </object_component>
      <object_component id="oc-37">
         <name>.debug_info</name>
         <load_address>0x16e4c</load_address>
         <run_address>0x16e4c</run_address>
         <size>0x1f6</size>
         <input_file_ref idref="fl-15"/>
      </object_component>
      <object_component id="oc-21e">
         <name>.debug_info</name>
         <load_address>0x17042</load_address>
         <run_address>0x17042</run_address>
         <size>0x4f</size>
         <input_file_ref idref="fl-15"/>
      </object_component>
      <object_component id="oc-e9">
         <name>.debug_info</name>
         <load_address>0x17091</load_address>
         <run_address>0x17091</run_address>
         <size>0x519</size>
         <input_file_ref idref="fl-16"/>
      </object_component>
      <object_component id="oc-7a">
         <name>.debug_info</name>
         <load_address>0x175aa</load_address>
         <run_address>0x175aa</run_address>
         <size>0x7d0</size>
         <input_file_ref idref="fl-16"/>
      </object_component>
      <object_component id="oc-2f5">
         <name>.debug_info</name>
         <load_address>0x17d7a</load_address>
         <run_address>0x17d7a</run_address>
         <size>0x363</size>
         <input_file_ref idref="fl-1c"/>
      </object_component>
      <object_component id="oc-2ed">
         <name>.debug_info</name>
         <load_address>0x180dd</load_address>
         <run_address>0x180dd</run_address>
         <size>0x128</size>
         <input_file_ref idref="fl-1c"/>
      </object_component>
      <object_component id="oc-15b">
         <name>.debug_info</name>
         <load_address>0x18205</load_address>
         <run_address>0x18205</run_address>
         <size>0x305</size>
         <input_file_ref idref="fl-1c"/>
      </object_component>
      <object_component id="oc-417">
         <name>.debug_info</name>
         <load_address>0x1850a</load_address>
         <run_address>0x1850a</run_address>
         <size>0x46</size>
         <input_file_ref idref="fl-1c"/>
      </object_component>
      <object_component id="oc-2f0">
         <name>.debug_info</name>
         <load_address>0x18550</load_address>
         <run_address>0x18550</run_address>
         <size>0x39</size>
         <input_file_ref idref="fl-1c"/>
      </object_component>
      <object_component id="oc-349">
         <name>.debug_info</name>
         <load_address>0x18589</load_address>
         <run_address>0x18589</run_address>
         <size>0x2ca</size>
         <input_file_ref idref="fl-1d"/>
      </object_component>
      <object_component id="oc-1cd">
         <name>.debug_info</name>
         <load_address>0x18853</load_address>
         <run_address>0x18853</run_address>
         <size>0x16d</size>
         <input_file_ref idref="fl-1d"/>
      </object_component>
      <object_component id="oc-39b">
         <name>.debug_info</name>
         <load_address>0x189c0</load_address>
         <run_address>0x189c0</run_address>
         <size>0x28f</size>
         <input_file_ref idref="fl-1e"/>
      </object_component>
      <object_component id="oc-2a4">
         <name>.debug_info</name>
         <load_address>0x18c4f</load_address>
         <run_address>0x18c4f</run_address>
         <size>0x1a0</size>
         <input_file_ref idref="fl-1e"/>
      </object_component>
      <object_component id="oc-40f">
         <name>.debug_info</name>
         <load_address>0x18def</load_address>
         <run_address>0x18def</run_address>
         <size>0x2fd</size>
         <input_file_ref idref="fl-1f"/>
      </object_component>
      <object_component id="oc-2e7">
         <name>.debug_info</name>
         <load_address>0x190ec</load_address>
         <run_address>0x190ec</run_address>
         <size>0x1ad</size>
         <input_file_ref idref="fl-1f"/>
      </object_component>
      <object_component id="oc-4ad">
         <name>.debug_info</name>
         <load_address>0x19299</load_address>
         <run_address>0x19299</run_address>
         <size>0x39</size>
         <input_file_ref idref="fl-1f"/>
      </object_component>
      <object_component id="oc-410">
         <name>.debug_info</name>
         <load_address>0x192d2</load_address>
         <run_address>0x192d2</run_address>
         <size>0x2c</size>
         <input_file_ref idref="fl-1f"/>
      </object_component>
      <object_component id="oc-40a">
         <name>.debug_info</name>
         <load_address>0x192fe</load_address>
         <run_address>0x192fe</run_address>
         <size>0x161</size>
         <input_file_ref idref="fl-20"/>
      </object_component>
      <object_component id="oc-2a1">
         <name>.debug_info</name>
         <load_address>0x1945f</load_address>
         <run_address>0x1945f</run_address>
         <size>0x2cb</size>
         <input_file_ref idref="fl-21"/>
      </object_component>
      <object_component id="oc-129">
         <name>.debug_info</name>
         <load_address>0x1972a</load_address>
         <run_address>0x1972a</run_address>
         <size>0x171</size>
         <input_file_ref idref="fl-21"/>
      </object_component>
      <object_component id="oc-2c8">
         <name>.debug_info</name>
         <load_address>0x1989b</load_address>
         <run_address>0x1989b</run_address>
         <size>0x333</size>
         <input_file_ref idref="fl-22"/>
      </object_component>
      <object_component id="oc-13b">
         <name>.debug_info</name>
         <load_address>0x19bce</load_address>
         <run_address>0x19bce</run_address>
         <size>0x1d1</size>
         <input_file_ref idref="fl-22"/>
      </object_component>
      <object_component id="oc-2be">
         <name>.debug_info</name>
         <load_address>0x19d9f</load_address>
         <run_address>0x19d9f</run_address>
         <size>0x198</size>
         <input_file_ref idref="fl-22"/>
      </object_component>
      <object_component id="oc-2c3">
         <name>.debug_info</name>
         <load_address>0x19f37</load_address>
         <run_address>0x19f37</run_address>
         <size>0x16d</size>
         <input_file_ref idref="fl-22"/>
      </object_component>
      <object_component id="oc-496">
         <name>.debug_info</name>
         <load_address>0x1a0a4</load_address>
         <run_address>0x1a0a4</run_address>
         <size>0x2c</size>
         <input_file_ref idref="fl-22"/>
      </object_component>
      <object_component id="oc-51">
         <name>.debug_info</name>
         <load_address>0x1a0d0</load_address>
         <run_address>0x1a0d0</run_address>
         <size>0x119</size>
         <input_file_ref idref="fl-23"/>
      </object_component>
      <object_component id="oc-d5">
         <name>.debug_info</name>
         <load_address>0x1a1e9</load_address>
         <run_address>0x1a1e9</run_address>
         <size>0x147</size>
         <input_file_ref idref="fl-24"/>
      </object_component>
      <object_component id="oc-28c">
         <name>.debug_info</name>
         <load_address>0x1a330</load_address>
         <run_address>0x1a330</run_address>
         <size>0x4b3</size>
         <input_file_ref idref="fl-25"/>
      </object_component>
      <object_component id="oc-fa">
         <name>.debug_info</name>
         <load_address>0x1a7e3</load_address>
         <run_address>0x1a7e3</run_address>
         <size>0x1a6</size>
         <input_file_ref idref="fl-25"/>
      </object_component>
      <object_component id="oc-382">
         <name>.debug_info</name>
         <load_address>0x1a989</load_address>
         <run_address>0x1a989</run_address>
         <size>0x39</size>
         <input_file_ref idref="fl-25"/>
      </object_component>
      <object_component id="oc-43e">
         <name>.debug_info</name>
         <load_address>0x1a9c2</load_address>
         <run_address>0x1a9c2</run_address>
         <size>0x39</size>
         <input_file_ref idref="fl-25"/>
      </object_component>
      <object_component id="oc-387">
         <name>.debug_info</name>
         <load_address>0x1a9fb</load_address>
         <run_address>0x1a9fb</run_address>
         <size>0x39</size>
         <input_file_ref idref="fl-25"/>
      </object_component>
      <object_component id="oc-38c">
         <name>.debug_info</name>
         <load_address>0x1aa34</load_address>
         <run_address>0x1aa34</run_address>
         <size>0xcd</size>
         <input_file_ref idref="fl-25"/>
      </object_component>
      <object_component id="oc-d3">
         <name>.debug_info</name>
         <load_address>0x1ab01</load_address>
         <run_address>0x1ab01</run_address>
         <size>0x2d4</size>
         <input_file_ref idref="fl-27"/>
      </object_component>
      <object_component id="oc-5d">
         <name>.debug_info</name>
         <load_address>0x1add5</load_address>
         <run_address>0x1add5</run_address>
         <size>0x1d2</size>
         <input_file_ref idref="fl-27"/>
      </object_component>
      <object_component id="oc-ce">
         <name>.debug_info</name>
         <load_address>0x1afa7</load_address>
         <run_address>0x1afa7</run_address>
         <size>0x46</size>
         <input_file_ref idref="fl-27"/>
      </object_component>
      <object_component id="oc-5b">
         <name>.debug_info</name>
         <load_address>0x1afed</load_address>
         <run_address>0x1afed</run_address>
         <size>0x2a3</size>
         <input_file_ref idref="fl-28"/>
      </object_component>
      <object_component id="oc-16">
         <name>.debug_info</name>
         <load_address>0x1b290</load_address>
         <run_address>0x1b290</run_address>
         <size>0x1d5</size>
         <input_file_ref idref="fl-28"/>
      </object_component>
      <object_component id="oc-56">
         <name>.debug_info</name>
         <load_address>0x1b465</load_address>
         <run_address>0x1b465</run_address>
         <size>0x46</size>
         <input_file_ref idref="fl-28"/>
      </object_component>
      <object_component id="oc-c6">
         <name>.debug_info</name>
         <load_address>0x1b4ab</load_address>
         <run_address>0x1b4ab</run_address>
         <size>0x2c</size>
         <input_file_ref idref="fl-28"/>
      </object_component>
      <object_component id="oc-c4">
         <name>.debug_info</name>
         <load_address>0x1b4d7</load_address>
         <run_address>0x1b4d7</run_address>
         <size>0x29e</size>
         <input_file_ref idref="fl-29"/>
      </object_component>
      <object_component id="oc-10">
         <name>.debug_info</name>
         <load_address>0x1b775</load_address>
         <run_address>0x1b775</run_address>
         <size>0x250</size>
         <input_file_ref idref="fl-29"/>
      </object_component>
      <object_component id="oc-46">
         <name>.debug_info</name>
         <load_address>0x1b9c5</load_address>
         <run_address>0x1b9c5</run_address>
         <size>0x60</size>
         <input_file_ref idref="fl-29"/>
      </object_component>
      <object_component id="oc-231">
         <name>.debug_info</name>
         <load_address>0x1ba25</load_address>
         <run_address>0x1ba25</run_address>
         <size>0x46</size>
         <input_file_ref idref="fl-29"/>
      </object_component>
      <object_component id="oc-bf">
         <name>.debug_info</name>
         <load_address>0x1ba6b</load_address>
         <run_address>0x1ba6b</run_address>
         <size>0x39</size>
         <input_file_ref idref="fl-29"/>
      </object_component>
      <object_component id="oc-1e8">
         <name>.debug_info</name>
         <load_address>0x1baa4</load_address>
         <run_address>0x1baa4</run_address>
         <size>0x122</size>
         <input_file_ref idref="fl-2a"/>
      </object_component>
      <object_component id="oc-42c">
         <name>.debug_info</name>
         <load_address>0x1bbc6</load_address>
         <run_address>0x1bbc6</run_address>
         <size>0x2c9</size>
         <input_file_ref idref="fl-2b"/>
      </object_component>
      <object_component id="oc-362">
         <name>.debug_info</name>
         <load_address>0x1be8f</load_address>
         <run_address>0x1be8f</run_address>
         <size>0x11e</size>
         <input_file_ref idref="fl-2b"/>
      </object_component>
      <object_component id="oc-426">
         <name>.debug_info</name>
         <load_address>0x1bfad</load_address>
         <run_address>0x1bfad</run_address>
         <size>0x12e</size>
         <input_file_ref idref="fl-2b"/>
      </object_component>
      <object_component id="oc-bd">
         <name>.debug_info</name>
         <load_address>0x1c0db</load_address>
         <run_address>0x1c0db</run_address>
         <size>0x3b2</size>
         <input_file_ref idref="fl-2c"/>
      </object_component>
      <object_component id="oc-43">
         <name>.debug_info</name>
         <load_address>0x1c48d</load_address>
         <run_address>0x1c48d</run_address>
         <size>0x10c</size>
         <input_file_ref idref="fl-2c"/>
      </object_component>
      <object_component id="oc-405">
         <name>.debug_info</name>
         <load_address>0x1c599</load_address>
         <run_address>0x1c599</run_address>
         <size>0x13f</size>
         <input_file_ref idref="fl-2c"/>
      </object_component>
      <object_component id="oc-146">
         <name>.debug_info</name>
         <load_address>0x1c6d8</load_address>
         <run_address>0x1c6d8</run_address>
         <size>0x168</size>
         <input_file_ref idref="fl-2c"/>
      </object_component>
[...]
      </symbol>
      <symbol id="sm-5ee">
         <name>stcSelfCheckFail</name>
         <value>0xdf8</value>
         <object_component_ref idref="oc-7f"/>
      </symbol>
      <symbol id="sm-5ef">
         <name>ccmSelfCheck</name>
         <value>0x30</value>
         <object_component_ref idref="oc-7f"/>
      </symbol>
      <symbol id="sm-5f0">
         <name>efcCheck</name>
         <value>0x660</value>
         <object_component_ref idref="oc-7f"/>
      </symbol>
      <symbol id="sm-5f1">
         <name>het2ParityCheck</name>
         <value>0x10c0</value>
         <object_component_ref idref="oc-7f"/>
      </symbol>
      <symbol id="sm-5f2">
         <name>adc2ParityCheck</name>
         <value>0x1358</value>
         <object_component_ref idref="oc-7f"/>
      </symbol>
      <symbol id="sm-5f3">
         <name>cpuSelfTest</name>
         <value>0x234</value>
         <object_component_ref idref="oc-7f"/>
      </symbol>
      <symbol id="sm-5f4">
         <name>htu1ParityCheck</name>
         <value>0x1004</value>
         <object_component_ref idref="oc-7f"/>
      </symbol>
      <symbol id="sm-5f5">
         <name>checkFlashECC</name>
         <value>0xd18</value>
         <object_component_ref idref="oc-7f"/>
      </symbol>
      <symbol id="sm-5f6">
         <name>cpuSelfTestFail</name>
         <value>0xdfc</value>
         <object_component_ref idref="oc-7f"/>
      </symbol>
      <symbol id="sm-5f7">
         <name>checkPLL1Slip</name>
         <value>0x1e8c</value>
         <object_component_ref idref="oc-7f"/>
      </symbol>
      <symbol id="sm-5f8">
         <name>mibspi1ParityCheck</name>
         <value>0x1684</value>
         <object_component_ref idref="oc-7f"/>
      </symbol>
      <symbol id="sm-5f9">
         <name>ccmr4GetConfigValue</name>
         <value>0x26fc</value>
         <object_component_ref idref="oc-7f"/>
      </symbol>
      <symbol id="sm-5fa">
         <name>htu2ParityCheck</name>
         <value>0x11bc</value>
         <object_component_ref idref="oc-7f"/>
      </symbol>
      <symbol id="sm-5fb">
         <name>pbistPortTestStatus</name>
         <value>0x608</value>
         <object_component_ref idref="oc-7f"/>
      </symbol>
      <symbol id="sm-5fc">
         <name>checkFlashEEPROMECC</name>
         <value>0x1cf4</value>
         <object_component_ref idref="oc-7f"/>
      </symbol>
      <symbol id="sm-5fd">
         <name>pbistGetConfigValue</name>
         <value>0x2470</value>
         <object_component_ref idref="oc-7f"/>
      </symbol>
      <symbol id="sm-5fe">
         <name>vimParityCheck</name>
         <value>0xe00</value>
         <object_component_ref idref="oc-7f"/>
      </symbol>
      <symbol id="sm-5ff">
         <name>pbistIsTestCompleted</name>
         <value>0x5a8</value>
         <object_component_ref idref="oc-7f"/>
      </symbol>
      <symbol id="sm-600">
         <name>disableParity</name>
         <value>0x2b58</value>
         <object_component_ref idref="oc-7f"/>
      </symbol>
      <symbol id="sm-601">
         <name>pbistRun</name>
         <value>0x4ac</value>
         <object_component_ref idref="oc-7f"/>
      </symbol>
      <symbol id="sm-602">
         <name>pbistFail</name>
         <value>0x23ec</value>
         <object_component_ref idref="oc-7f"/>
      </symbol>
      <symbol id="sm-603">
         <name>selftestFailNotification</name>
         <value>0x20</value>
         <object_component_ref idref="oc-7f"/>
      </symbol>
      <symbol id="sm-604">
         <name>errata_PBIST_4</name>
         <value>0x276c</value>
         <object_component_ref idref="oc-7f"/>
      </symbol>
      <symbol id="sm-605">
         <name>mibspi3ParityCheck</name>
         <value>0x178c</value>
         <object_component_ref idref="oc-7f"/>
      </symbol>
      <symbol id="sm-606">
         <name>efcSelfTest</name>
         <value>0x794</value>
         <object_component_ref idref="oc-7f"/>
      </symbol>
      <symbol id="sm-607">
         <name>checkB1RAMECC</name>
         <value>0xb28</value>
         <object_component_ref idref="oc-7f"/>
      </symbol>
      <symbol id="sm-608">
         <name>pbistStop</name>
         <value>0x578</value>
         <object_component_ref idref="oc-7f"/>
      </symbol>
      <symbol id="sm-609">
         <name>can3ParityCheck</name>
         <value>0x15b0</value>
         <object_component_ref idref="oc-7f"/>
      </symbol>
      <symbol id="sm-60a">
         <name>checkRAMAddrParity</name>
         <value>0x2050</value>
         <object_component_ref idref="oc-7f"/>
      </symbol>
      <symbol id="sm-60b">
         <name>mibspi5ParityCheck</name>
         <value>0x18b0</value>
         <object_component_ref idref="oc-7f"/>
      </symbol>
      <symbol id="sm-60c">
         <name>checkB0RAMECC</name>
         <value>0x938</value>
         <object_component_ref idref="oc-7f"/>
      </symbol>
      <symbol id="sm-60d">
         <name>stcGetConfigValue</name>
         <value>0x25bc</value>
         <object_component_ref idref="oc-7f"/>
      </symbol>
      <symbol id="sm-60e">
         <name>pbistIsTestPassed</name>
         <value>0x5d4</value>
         <object_component_ref idref="oc-7f"/>
      </symbol>
      <symbol id="sm-60f">
         <name>checkClockMonitor</name>
         <value>0x1c18</value>
         <object_component_ref idref="oc-7f"/>
      </symbol>
      <symbol id="sm-610">
         <name>fmcECCcheck</name>
         <value>0x898</value>
         <object_component_ref idref="oc-7f"/>
      </symbol>
      <symbol id="sm-611">
         <name>fmcBus2Check</name>
         <value>0x85c</value>
         <object_component_ref idref="oc-7f"/>
      </symbol>
      <symbol id="sm-612">
         <name>checkRAMUERRTest</name>
         <value>0x215c</value>
         <object_component_ref idref="oc-7f"/>
      </symbol>
      <symbol id="sm-613">
         <name>efcStuckZeroTest</name>
         <value>0x6e8</value>
         <object_component_ref idref="oc-7f"/>
      </symbol>
      <symbol id="sm-614">
         <name>checkPLL2Slip</name>
         <value>0x1f8c</value>
         <object_component_ref idref="oc-7f"/>
      </symbol>
      <symbol id="sm-646">
         <name>_c_int00</name>
         <value>0x9a5c</value>
         <object_component_ref idref="oc-1c"/>
      </symbol>
      <symbol id="sm-647">
         <name>handlePLLLockFail</name>
         <value>0xbad0</value>
         <object_component_ref idref="oc-73"/>
      </symbol>
      <symbol id="sm-6f6">
         <name>vimChannelMap</name>
         <value>0x552c</value>
         <object_component_ref idref="oc-3a"/>
      </symbol>
      <symbol id="sm-6f7">
         <name>vimInit</name>
         <value>0x5458</value>
         <object_component_ref idref="oc-3a"/>
      </symbol>
      <symbol id="sm-6f8">
         <name>vimEnableInterrupt</name>
         <value>0x55d0</value>
         <object_component_ref idref="oc-3a"/>
      </symbol>
      <symbol id="sm-6f9">
         <name>vimDisableInterrupt</name>
         <value>0x5798</value>
         <object_component_ref idref="oc-3a"/>
      </symbol>
      <symbol id="sm-6fa">
         <name>vimGetConfigValue</name>
         <value>0x5844</value>
         <object_component_ref idref="oc-3a"/>
      </symbol>
      <symbol id="sm-6fb">
         <name>vimParityErrorHandler</name>
         <value>0x94dc</value>
         <object_component_ref idref="oc-36"/>
      </symbol>
      <symbol id="sm-756">
         <name>systemGetConfigValue</name>
         <value>0x4c80</value>
         <object_component_ref idref="oc-79"/>
      </symbol>
      <symbol id="sm-757">
         <name>trimLPO</name>
         <value>0x4954</value>
         <object_component_ref idref="oc-79"/>
      </symbol>
      <symbol id="sm-758">
         <name>systemInit</name>
         <value>0x4b84</value>
         <object_component_ref idref="oc-79"/>
      </symbol>
      <symbol id="sm-759">
         <name>customTrimLPO</name>
         <value>0x537c</value>
         <object_component_ref idref="oc-79"/>
      </symbol>
      <symbol id="sm-75a">
         <name>tcmflashGetConfigValue</name>
         <value>0x5094</value>
         <object_component_ref idref="oc-79"/>
      </symbol>
      <symbol id="sm-75b">
         <name>sramGetConfigValue</name>
         <value>0x5240</value>
         <object_component_ref idref="oc-79"/>
      </symbol>
      <symbol id="sm-75c">
         <name>periphInit</name>
         <value>0x4a08</value>
         <object_component_ref idref="oc-79"/>
      </symbol>
      <symbol id="sm-75d">
         <name>setupFlash</name>
         <value>0x49c8</value>
         <object_component_ref idref="oc-79"/>
      </symbol>
      <symbol id="sm-75e">
         <name>setupPLL</name>
         <value>0x48f4</value>
         <object_component_ref idref="oc-79"/>
      </symbol>
      <symbol id="sm-75f">
         <name>mapClocks</name>
         <value>0x4a5c</value>
         <object_component_ref idref="oc-79"/>
      </symbol>
      <symbol id="sm-760">
         <name>systemPowerDown</name>
         <value>0x4c50</value>
         <object_component_ref idref="oc-79"/>
      </symbol>
      <symbol id="sm-7e2">
         <name>pow</name>
         <value>0x7961</value>
         <object_component_ref idref="oc-15a"/>
      </symbol>
      <symbol id="sm-7e3">
         <name>powl</name>
         <value>0x7961</value>
         <object_component_ref idref="oc-15a"/>
      </symbol>
      <symbol id="sm-7f3">
         <name>sqrtl</name>
         <value>0xb909</value>
         <object_component_ref idref="oc-1cb"/>
      </symbol>
      <symbol id="sm-7f4">
         <name>sqrt</name>
         <value>0xb909</value>
         <object_component_ref idref="oc-1cb"/>
      </symbol>
      <symbol id="sm-810">
         <name>floorl</name>
         <value>0xaf61</value>
         <object_component_ref idref="oc-2a2"/>
      </symbol>
      <symbol id="sm-811">
         <name>floor</name>
         <value>0xaf61</value>
         <object_component_ref idref="oc-2a2"/>
      </symbol>
      <symbol id="sm-838">
         <name>scalbn</name>
         <value>0xaca5</value>
         <object_component_ref idref="oc-2e6"/>
      </symbol>
      <symbol id="sm-839">
         <name>scalbnl</name>
         <value>0xaca5</value>
         <object_component_ref idref="oc-2e6"/>
      </symbol>
      <symbol id="sm-83a">
         <name>ldexpl</name>
         <value>0xaca5</value>
         <object_component_ref idref="oc-2e6"/>
      </symbol>
      <symbol id="sm-83b">
         <name>ldexp</name>
         <value>0xaca5</value>
         <object_component_ref idref="oc-2e6"/>
      </symbol>
      <symbol id="sm-845">
         <name>copysign</name>
         <value>0xb9ab</value>
         <object_component_ref idref="oc-408"/>
      </symbol>
      <symbol id="sm-846">
         <name>copysignl</name>
         <value>0xb9ab</value>
         <object_component_ref idref="oc-408"/>
      </symbol>
      <symbol id="sm-856">
         <name>sqrtf</name>
         <value>0xb95d</value>
         <object_component_ref idref="oc-128"/>
      </symbol>
      <symbol id="sm-87d">
         <name>sprintf</name>
         <value>0xb8c9</value>
         <object_component_ref idref="oc-139"/>
      </symbol>
      <symbol id="sm-898">
         <name>memcpy</name>
         <value>0xb419</value>
         <object_component_ref idref="oc-50"/>
      </symbol>
      <symbol id="sm-899">
         <name>__aeabi_memcpy</name>
         <value>0xb419</value>
         <object_component_ref idref="oc-50"/>
      </symbol>
      <symbol id="sm-89a">
         <name>__aeabi_memcpy8</name>
         <value>0xb419</value>
         <object_component_ref idref="oc-50"/>
      </symbol>
      <symbol id="sm-89b">
         <name>__aeabi_memcpy4</name>
         <value>0xb419</value>
         <object_component_ref idref="oc-50"/>
      </symbol>
      <symbol id="sm-8aa">
         <name>__aeabi_memset</name>
         <value>0xb531</value>
         <object_component_ref idref="oc-d4"/>
      </symbol>
      <symbol id="sm-8ab">
         <name>memset</name>
         <value>0xb537</value>
         <object_component_ref idref="oc-d4"/>
      </symbol>
      <symbol id="sm-8ac">
         <name>__aeabi_memset8</name>
         <value>0xb531</value>
         <object_component_ref idref="oc-d4"/>
      </symbol>
      <symbol id="sm-8ad">
         <name>__aeabi_memset4</name>
         <value>0xb531</value>
         <object_component_ref idref="oc-d4"/>
      </symbol>
      <symbol id="sm-8ae">
         <name>__aeabi_memclr8</name>
         <value>0xb52f</value>
         <object_component_ref idref="oc-d4"/>
      </symbol>
      <symbol id="sm-8af">
         <name>__aeabi_memclr4</name>
         <value>0xb52f</value>
         <object_component_ref idref="oc-d4"/>
      </symbol>
      <symbol id="sm-8b0">
         <name>__aeabi_memclr</name>
         <value>0xb52f</value>
         <object_component_ref idref="oc-d4"/>
      </symbol>
      <symbol id="sm-8d8">
         <name>__TI_auto_init_nobinit_nopinit</name>
         <value>0xb845</value>
         <object_component_ref idref="oc-f8"/>
      </symbol>
      <symbol id="sm-8ed">
         <name>__TI_zero_init_nomemset</name>
         <value>0xb9e7</value>
         <object_component_ref idref="oc-5c"/>
      </symbol>
      <symbol id="sm-904">
         <name>__TI_decompress_none</name>
         <value>0xbaa1</value>
         <object_component_ref idref="oc-15"/>
      </symbol>
      <symbol id="sm-927">
         <name>__TI_decompress_lzss</name>
         <value>0xb691</value>
         <object_component_ref idref="oc-f"/>
      </symbol>
      <symbol id="sm-932">
         <name>C$$EXIT</name>
         <value>0xbac9</value>
         <object_component_ref idref="oc-1e6"/>
      </symbol>
      <symbol id="sm-933">
         <name>abort</name>
         <value>0xbac9</value>
         <object_component_ref idref="oc-1e6"/>
      </symbol>
      <symbol id="sm-948">
         <name>_nop</name>
         <value>0x68fb</value>
         <object_component_ref idref="oc-424"/>
      </symbol>
      <symbol id="sm-949">
         <name>_lock</name>
         <value>0x8001e38</value>
         <object_component_ref idref="oc-361"/>
      </symbol>
      <symbol id="sm-94a">
         <name>_unlock</name>
         <value>0x8001e3c</value>
         <object_component_ref idref="oc-361"/>
      </symbol>
      <symbol id="sm-9b8">
         <name>_sys_memory</name>
         <value>0x8001500</value>
         <object_component_ref idref="oc-42"/>
      </symbol>
      <symbol id="sm-9b9">
         <name>memalign</name>
         <value>0xaaa9</value>
         <object_component_ref idref="oc-2d0"/>
      </symbol>
      <symbol id="sm-9ba">
         <name>malloc</name>
         <value>0xbac1</value>
         <object_component_ref idref="oc-145"/>
      </symbol>
      <symbol id="sm-9bb">
         <name>aligned_alloc</name>
         <value>0xaaa9</value>
         <object_component_ref idref="oc-2d0"/>
      </symbol>
      <symbol id="sm-9cb">
         <name>strcat</name>
         <value>0xb9c9</value>
         <object_component_ref idref="oc-13f"/>
      </symbol>
      <symbol id="sm-9da">
         <name>strcmp</name>
         <value>0xba3b</value>
         <object_component_ref idref="oc-16a"/>
      </symbol>
      <symbol id="sm-9f0">
         <name>__aeabi_errno_addr</name>
         <value>0xbab9</value>
         <object_component_ref idref="oc-29a"/>
      </symbol>
      <symbol id="sm-9f1">
         <name>errno</name>
         <value>0x8001e48</value>
         <object_component_ref idref="oc-393"/>
      </symbol>
      <symbol id="sm-b48">
         <name>__TI_printfi</name>
         <value>0x5ead</value>
         <object_component_ref idref="oc-2b5"/>
      </symbol>
      <symbol id="sm-b63">
         <name>__aeabi_uldivmod</name>
         <value>0x97a8</value>
         <object_component_ref idref="oc-457"/>
      </symbol>
      <symbol id="sm-b72">
         <name>__TI_ltoa</name>
         <value>0xb6fd</value>
         <object_component_ref idref="oc-45d"/>
      </symbol>
      <symbol id="sm-b87">
         <name>atoi</name>
         <value>0xb7f5</value>
         <object_component_ref idref="oc-3b0"/>
      </symbol>
      <symbol id="sm-b92">
         <name>_ctypes_</name>
         <value>0xc638</value>
         <object_component_ref idref="oc-452"/>
      </symbol>
      <symbol id="sm-ba2">
         <name>memccpy</name>
         <value>0xb985</value>
         <object_component_ref idref="oc-3d4"/>
      </symbol>
      <symbol id="sm-bb2">
         <name>strchr</name>
         <value>0xba53</value>
         <object_component_ref idref="oc-484"/>
      </symbol>
      <symbol id="sm-bc0">
         <name>strlen</name>
         <value>0xba69</value>
         <object_component_ref idref="oc-3aa"/>
      </symbol>
      <symbol id="sm-bd4">
         <name>frexpl</name>
         <value>0xb5a9</value>
         <object_component_ref idref="oc-47e"/>
      </symbol>
      <symbol id="sm-bd5">
         <name>frexp</name>
         <value>0xb5a9</value>
         <object_component_ref idref="oc-47e"/>
      </symbol>
      <symbol id="sm-bee">
         <name>wcslen</name>
         <value>0xba7f</value>
         <object_component_ref idref="oc-3da"/>
      </symbol>
      <symbol id="sm-bf8">
         <name>__aeabi_idiv0</name>
         <value>0xb36f</value>
         <object_component_ref idref="oc-4bc"/>
      </symbol>
      <symbol id="sm-bf9">
         <name>__aeabi_ldiv0</name>
         <value>0xb36f</value>
         <object_component_ref idref="oc-4bc"/>
      </symbol>
      <symbol id="sm-c02">
         <name>arm_scale_f32</name>
         <value>0xa798</value>
         <object_component_ref idref="oc-197"/>
      </symbol>
      <symbol id="sm-c0f">
         <name>arm_cos_f32</name>
         <value>0xb120</value>
         <object_component_ref idref="oc-160"/>
      </symbol>
      <symbol id="sm-c1c">
         <name>arm_sin_f32</name>
         <value>0xb1f0</value>
         <object_component_ref idref="oc-165"/>
      </symbol>
      <symbol id="sm-c25">
         <name>arm_mat_add_f32</name>
         <value>0xa0cc</value>
         <object_component_ref idref="oc-150"/>
      </symbol>
      <symbol id="sm-c2e">
         <name>arm_mat_init_f32</name>
         <value>0xba90</value>
         <object_component_ref idref="oc-134"/>
      </symbol>
      <symbol id="sm-c39">
         <name>arm_mat_inverse_f32</name>
         <value>0x8c0c</value>
         <object_component_ref idref="oc-1a6"/>
      </symbol>
      <symbol id="sm-c43">
         <name>arm_mat_mult_f32</name>
         <value>0xa550</value>
         <object_component_ref idref="oc-155"/>
      </symbol>
      <symbol id="sm-c4c">
         <name>arm_mat_scale_f32</name>
         <value>0xa404</value>
         <object_component_ref idref="oc-14b"/>
      </symbol>
      <symbol id="sm-c55">
         <name>arm_mat_sub_f32</name>
         <value>0xa268</value>
         <object_component_ref idref="oc-1a1"/>
      </symbol>
      <symbol id="sm-c5e">
         <name>arm_mat_trans_f32</name>
         <value>0xae7c</value>
         <object_component_ref idref="oc-19c"/>
      </symbol>
      <symbol id="sm-c68">
         <name>arm_rms_f32</name>
         <value>0xa9a4</value>
         <object_component_ref idref="oc-1c6"/>
      </symbol>
      <symbol id="sm-c69">
         <name>__TI_static_base__</name>
         <value>0x0</value>
      </symbol>
      <symbol id="sm-c6c">
         <name>SHT$$INIT_ARRAY$$Base</name>
         <value>0x0</value>
      </symbol>
      <symbol id="sm-c6d">
         <name>SHT$$INIT_ARRAY$$Limit</name>
         <value>0x0</value>
      </symbol>
      <symbol id="sm-c6e">
         <name>_system_post_cinit</name>
         <value>0x0</value>
      </symbol>
   </symbol_table>
   <title>Link successful</title>
</link_info>
