******************************************************************************
                  TI ARM Linker PC v20.2.6                     
******************************************************************************
>> Linked Thu May 18 01:05:10 2023

OUTPUT FILE NAME:   <ADC5.out>
ENTRY POINT SYMBOL: "_c_int00"  address: 00009a5c


MEMORY CONFIGURATION

         name            origin    length      used     unused   attr    fill
----------------------  --------  ---------  --------  --------  ----  --------
  VECTORS               00000000   00000020  00000020  00000000     X
  FLASH0                00000020   0013ffe0  0000d03c  00132fa4  R  X
  STACKS                08000000   00001500  00000000  00001500  RW  
  RAM                   08001500   0002eb00  00000978  0002e188  RW  


SEGMENT ALLOCATION MAP

run origin  load origin   length   init length attrs members
----------  ----------- ---------- ----------- ----- -------
00000000    00000000    0000d060   0000d060    r-x
  00000000    00000000    00000020   00000020    r-x .intvecs
  00000020    00000020    0000bab4   0000bab4    r-x .text
  0000bad8    0000bad8    00000d30   00000d30    r-- .const
  0000c808    0000c808    00000818   00000818    r-- .constdata
  0000d020    0000d020    00000040   00000040    r-- .cinit
08001500    08001500    00000978   00000000    rw-
  08001500    08001500    00000800   00000000    rw- .sysmem
  08001d00    08001d00    00000150   00000000    rw- .data
  08001e50    08001e50    00000028   00000000    rw- .bss


SECTION ALLOCATION MAP

 output                                  attributes/
section   page    origin      length       input sections
--------  ----  ----------  ----------   ----------------
.intvecs   0    00000000    00000020     
                  00000000    00000020     sys_intvecs.obj (.intvecs)

.text      0    00000020    0000bab4     
                  00000020    00002cdc     sys_selftest.obj (.text)
                  00002cfc    00001bf8     sys_main.obj (.text)
                  000048f4    00000b64     system.obj (.text)
                  00005458    00000a54     sys_vim.obj (.text)
                  00005eac    00000a4e     rtsv7R4_T_be_v3D16_eabi.lib : _printfi.c.obj (.text:__TI_printfi)
                  000068fa    00000002                                 : _lock.c.obj (.text:_nop)
                  000068fc    000008ac     pinmux.obj (.text)
                  000071a8    000007b8     sci.obj (.text)
                  00007960    0000068c     rtsv7R4_T_be_v3D16_eabi.lib : e_pow.c.obj (.text:pow)
                  00007fec    00000664     errata_SSWF021_45.obj (.text)
                  00008650    000005bc     esm.obj (.text)
                  00008c0c    00000584     arm_math_Cortex_R4_bspf.lib : arm_mat_inverse_f32.o (.text)
                  00009190    0000034c     sys_core.obj (.text)
                  000094dc    000002cc     sys_vim.obj (.text:retain)
                  000097a8    000002b4     rtsv7R4_T_be_v3D16_eabi.lib : ull_div32.asm.obj (.text)
                  00009a5c    00000288     sys_startup.obj (.text:retain)
                  00009ce4    00000248     rtsv7R4_T_be_v3D16_eabi.lib : _printfi.c.obj (.text:_pconv_a)
                  00009f2c    000001a0                                 : _printfi.c.obj (.text:_pconv_g)
                  0000a0cc    0000019c     arm_math_Cortex_R4_bspf.lib : arm_mat_add_f32.o (.text)
                  0000a268    0000019c                                 : arm_mat_sub_f32.o (.text)
                  0000a404    0000014c                                 : arm_mat_scale_f32.o (.text)
                  0000a550    00000134                                 : arm_mat_mult_f32.o (.text)
                  0000a684    00000114     esm.obj (.text:retain)
                  0000a798    00000108     arm_math_Cortex_R4_bspf.lib : arm_scale_f32.o (.text)
                  0000a8a0    00000104     rtsv7R4_T_be_v3D16_eabi.lib : _printfi.c.obj (.text:_pconv_e)
                  0000a9a4    00000104     arm_math_Cortex_R4_bspf.lib : arm_rms_f32.o (.text)
                  0000aaa8    00000100     rtsv7R4_T_be_v3D16_eabi.lib : memory.c.obj (.text:aligned_alloc)
                  0000aba8    000000fc                                 : _printfi.c.obj (.text:fcvt)
                  0000aca4    000000f0                                 : s_scalbn.c.obj (.text:scalbn)
                  0000ad94    000000e8     dabort.obj (.text)
                  0000ae7c    000000e4     arm_math_Cortex_R4_bspf.lib : arm_mat_trans_f32.o (.text)
                  0000af60    000000e0     rtsv7R4_T_be_v3D16_eabi.lib : s_floor.c.obj (.text:floor)
                  0000b040    000000e0     sys_pmu.obj (.text)
                  0000b120    000000d0     arm_math_Cortex_R4_bspf.lib : arm_cos_f32.o (.text)
                  0000b1f0    000000d0                                 : arm_sin_f32.o (.text)
                  0000b2c0    000000ad     rtsv7R4_T_be_v3D16_eabi.lib : _printfi.c.obj (.text:_ltostr)
                  0000b36d    00000001     --HOLE-- [fill = 0]
                  0000b36e    00000002                                 : div0.asm.obj (.text)
                  0000b370    000000a8     notification.obj (.text)
                  0000b418    0000009c     rtsv7R4_T_be_v3D16_eabi.lib : memcpy_t2.asm.obj (.text)
                  0000b4b4    0000007a                                 : _printfi.c.obj (.text:_mcpy)
                  0000b52e    0000007a                                 : memset_t2.asm.obj (.text)
                  0000b5a8    00000074                                 : s_frexp.c.obj (.text:frexp)
                  0000b61c    00000074                                 : memory.c.obj (.text:split)
                  0000b690    0000006c                                 : copy_decompress_lzss.c.obj (.text:decompress:lzss:__TI_decompress_lzss)
                  0000b6fc    00000054                                 : _ltoa.c.obj (.text:__TI_ltoa)
                  0000b750    00000054                                 : _printfi.c.obj (.text:_ecpy)
                  0000b7a4    00000050                                 : _printfi.c.obj (.text:_pconv_f)
                  0000b7f4    00000050                                 : atoi.c.obj (.text:atoi)
                  0000b844    00000044                                 : autoinit.c.obj (.text:__TI_auto_init_nobinit_nopinit:__TI_auto_init_nobinit_nopinit)
                  0000b888    00000040                                 : _printfi.c.obj (.text:_fcpy)
                  0000b8c8    00000040                                 : sprintf.c.obj (.text:sprintf)
                  0000b908    0000002c                                 : e_sqrt.c.obj (.text:sqrt)
                  0000b934    00000028                                 : memory.c.obj (.text:free_list_insert)
                  0000b95c    00000028                                 : e_sqrtf.c.obj (.text:sqrtf)
                  0000b984    00000026                                 : memccpy.c.obj (.text:memccpy)
                  0000b9aa    0000001e                                 : s_copysign.c.obj (.text:copysign)
                  0000b9c8    0000001e                                 : strcat.c.obj (.text:strcat)
                  0000b9e6    0000001c                                 : copy_zero_init.c.obj (.text:decompress:ZI:__TI_zero_init_nomemset:__TI_zero_init_nomemset)
                  0000ba02    00000002     --HOLE-- [fill = 0]
                  0000ba04    0000001c                                 : memory.c.obj (.text:free_list_remove)
                  0000ba20    0000001a                                 : sprintf.c.obj (.text:_outs)
                  0000ba3a    00000018                                 : strcmp.c.obj (.text:strcmp)
                  0000ba52    00000016                                 : strchr.c.obj (.text:strchr)
                  0000ba68    00000016                                 : strlen.c.obj (.text:strlen)
                  0000ba7e    00000012                                 : wcslen.c.obj (.text:wcslen)
                  0000ba90    00000010     arm_math_Cortex_R4_bspf.lib : arm_mat_init_f32.o (.text)
                  0000baa0    0000000e     rtsv7R4_T_be_v3D16_eabi.lib : copy_decompress_none.c.obj (.text:decompress:none:__TI_decompress_none)
                  0000baae    0000000a                                 : sprintf.c.obj (.text:_outc)
                  0000bab8    00000008                                 : errno.c.obj (.text:__aeabi_errno_addr)
                  0000bac0    00000008                                 : memory.c.obj (.text:malloc)
                  0000bac8    00000004                                 : exit.c.obj (.text:abort:abort)
                  0000bacc    00000004     sys_phantom.obj (.text:retain)
                  0000bad0    00000004     sys_startup.obj (.text)

.const     0    0000bad8    00000d30     
                  0000bad8    000004b0     sys_main.obj (.const:.string:$P$T10$11)
                  0000bf88    000004b0     sys_main.obj (.const:.string:$P$T6$7)
                  0000c438    00000200     sys_vim.obj (.const:s_vim_init)
                  0000c638    00000101     rtsv7R4_T_be_v3D16_eabi.lib : ctype.c.obj (.const:.string:_ctypes_)
                  0000c739    00000003     sys_main.obj (.const:.string:$P$T11$12)
                  0000c73c    00000040     sys_main.obj (.const:$P$T14$15)
                  0000c77c    00000003     sys_main.obj (.const:.string:$P$T12$13)
                  0000c77f    00000001     --HOLE-- [fill = 0]
                  0000c780    00000030     rtsv7R4_T_be_v3D16_eabi.lib : e_pow.c.obj (.const:$O1$$)
                  0000c7b0    00000010     sys_main.obj (.const:$P$T1$2)
                  0000c7c0    0000000c     sys_main.obj (.const:$P$T0$1)
                  0000c7cc    0000000c     sys_main.obj (.const:$P$T2$3)
                  0000c7d8    0000000c     sys_main.obj (.const:$P$T3$4)
                  0000c7e4    0000000c     sys_main.obj (.const:$P$T4$5)
                  0000c7f0    0000000c     sys_main.obj (.const:$P$T5$6)
                  0000c7fc    00000003     sys_main.obj (.const:.string:$P$T13$14)
                  0000c7ff    00000003     sys_main.obj (.const:.string:$P$T7$8)
                  0000c802    00000003     sys_main.obj (.const:.string:$P$T8$9)
                  0000c805    00000003     sys_main.obj (.const:.string:$P$T9$10)

.cinit     0    0000d020    00000040     
                  0000d020    0000001b     (.cinit..data.load) [load image, compression = lzss]
                  0000d03b    00000001     --HOLE-- [fill = 0]
                  0000d03c    0000000c     (__TI_handler_table)
                  0000d048    00000008     (.cinit..bss.load) [load image, compression = zero_init]
                  0000d050    00000010     (__TI_cinit_table)

.sysmem    0    08001500    00000800     UNINITIALIZED
                  08001500    00000010     rtsv7R4_T_be_v3D16_eabi.lib : memory.c.obj (.sysmem)
                  08001510    000007f0     --HOLE--

.data      0    08001d00    00000150     UNINITIALIZED
                  08001d00    00000060     sys_main.obj (.data:zeros24)
                  08001d60    00000040     sys_main.obj (.data:eye)
                  08001da0    00000040     sys_main.obj (.data:zeros16)
                  08001de0    00000024     sys_main.obj (.data:zeros9)
                  08001e04    00000018     sys_main.obj (.data:zeros6)
                  08001e1c    00000010     sys_main.obj (.data:zeros4)
                  08001e2c    0000000c     sys_main.obj (.data:zeros3)
                  08001e38    00000008     rtsv7R4_T_be_v3D16_eabi.lib : _lock.c.obj (.data:$O1$$)
                  08001e40    00000008                                 : memory.c.obj (.data:$O1$$)
                  08001e48    00000004                                 : errno.c.obj (.data)
                  08001e4c    00000004     sys_main.obj (.data)

.bss       0    08001e50    00000028     UNINITIALIZED
                  08001e50    00000028     sci.obj (.bss:g_sciTransfer_t)

__llvm_prf_cnts 
*          0    08001500    00000000     UNINITIALIZED

.constdata 
*          0    0000c808    00000818     
                  0000c808    0000040c     arm_math_Cortex_R4_bspf.lib : arm_cos_f32.o (.constdata)
                  0000cc14    0000040c                                 : arm_sin_f32.o (.constdata)

MODULE SUMMARY

       Module                       code    ro data   rw data
       ------                       ----    -------   -------
    .\source\
       sys_selftest.obj             11484   0         0      
       sys_main.obj                 7160    2558      316    
       sys_vim.obj                  3360    512       0      
       system.obj                   2916    0         0      
       pinmux.obj                   2220    0         0      
       sci.obj                      1976    0         40     
       esm.obj                      1744    0         0      
       errata_SSWF021_45.obj        1636    0         0      
       sys_core.obj                 844     0         0      
       sys_startup.obj              652     0         0      
       dabort.obj                   232     0         0      
       sys_pmu.obj                  224     0         0      
       notification.obj             168     0         0      
       sys_intvecs.obj              32      0         0      
       sys_phantom.obj              4       0         0      
    +--+----------------------------+-------+---------+---------+
       Total:                       34652   3070      356    
                                                             
    C:/ti/Hercules/Cortex-R4 CMSIS DSP Library/1.0.0/Lib/arm_math_Cortex_R4_bspf.lib
       arm_mat_inverse_f32.o        1412    0         0      
       arm_cos_f32.o                208     1036      0      
       arm_sin_f32.o                208     1036      0      
       arm_mat_add_f32.o            412     0         0      
       arm_mat_sub_f32.o            412     0         0      
       arm_mat_scale_f32.o          332     0         0      
       arm_mat_mult_f32.o           308     0         0      
       arm_scale_f32.o              264     0         0      
       arm_rms_f32.o                260     0         0      
       arm_mat_trans_f32.o          228     0         0      
       arm_mat_init_f32.o           16      0         0      
    +--+----------------------------+-------+---------+---------+
       Total:                       4060    2072      0      
                                                             
    C:/ti/ccs1200/ccs/tools/compiler/ti-cgt-arm_20.2.6.LTS/lib/rtsv7R4_T_be_v3D16_eabi.lib
       _printfi.c.obj               4673    0         0      
       e_pow.c.obj                  1676    48        0      
       ull_div32.asm.obj            692     0         0      
       memory.c.obj                 448     0         8      
       ctype.c.obj                  0       257       0      
       s_scalbn.c.obj               240     0         0      
       s_floor.c.obj                224     0         0      
       memcpy_t2.asm.obj            156     0         0      
       memset_t2.asm.obj            122     0         0      
       s_frexp.c.obj                116     0         0      
       copy_decompress_lzss.c.obj   108     0         0      
       sprintf.c.obj                100     0         0      
       _ltoa.c.obj                  84      0         0      
       atoi.c.obj                   80      0         0      
       autoinit.c.obj               68      0         0      
       e_sqrt.c.obj                 44      0         0      
       e_sqrtf.c.obj                40      0         0      
       memccpy.c.obj                38      0         0      
       s_copysign.c.obj             30      0         0      
       strcat.c.obj                 30      0         0      
       copy_zero_init.c.obj         28      0         0      
       strcmp.c.obj                 24      0         0      
       strchr.c.obj                 22      0         0      
       strlen.c.obj                 22      0         0      
       wcslen.c.obj                 18      0         0      
       copy_decompress_none.c.obj   14      0         0      
       errno.c.obj                  8       0         4      
       _lock.c.obj                  2       0         8      
       exit.c.obj                   4       0         0      
       div0.asm.obj                 2       0         0      
    +--+----------------------------+-------+---------+---------+
       Total:                       9113    305       20     
                                                             
       Heap:                        0       0         2048   
       Linker Generated:            0       63        0      
    +--+----------------------------+-------+---------+---------+
       Grand Total:                 47825   5510      2424   


LINKER GENERATED COPY TABLES

__TI_cinit_table @ 0000d050 records: 2, size/record: 8, table size: 16
	.data: load addr=0000d020, load size=0000001b bytes, run addr=08001d00, run size=00000150 bytes, compression=lzss
	.bss: load addr=0000d048, load size=00000008 bytes, run addr=08001e50, run size=00000028 bytes, compression=zero_init


LINKER GENERATED HANDLER TABLE

__TI_handler_table @ 0000d03c records: 3, size/record: 4, table size: 12
	index: 0, handler: __TI_zero_init
	index: 1, handler: __TI_decompress_lzss
	index: 2, handler: __TI_decompress_none


GLOBAL SYMBOLS: SORTED ALPHABETICALLY BY Name 

address   name                                
-------   ----                                
00003220  ADCS_MatrixInit                     
000030a8  ADCS_MatrixPrint                    
00002f34  ADCS_MatrixPrintARM                 
000032f0  ADCS_Omega                          
0000403c  ADCS_append_array                   
000040cc  ADCS_append_array_float32           
00003284  ADCS_copyArray                      
00003504  ADCS_dfdq                           
00004280  ADCS_dhdq                           
000033ec  ADCS_f                              
00004110  ADCS_h                              
000035d4  ADCS_q2R                            
00003820  ADCS_set_reference_frame            
0000395c  ADCS_update                         
00004898  ADCS_vector_normalized              
0000bac9  C$$EXIT                             
UNDEFED   SHT$$INIT_ARRAY$$Base               
UNDEFED   SHT$$INIT_ARRAY$$Limit              
00000800  __SYSMEM_SIZE                       
0000d050  __TI_CINIT_Base                     
0000d060  __TI_CINIT_Limit                    
0000d03c  __TI_Handler_Table_Base             
0000d048  __TI_Handler_Table_Limit            
000094d4  __TI_PINIT_Base                     
000094d8  __TI_PINIT_Limit                    
0000b845  __TI_auto_init_nobinit_nopinit      
0000b691  __TI_decompress_lzss                
0000baa1  __TI_decompress_none                
0000b6fd  __TI_ltoa                           
ffffffff  __TI_pprof_out_hndl                 
00005ead  __TI_printfi                        
ffffffff  __TI_prof_data_size                 
ffffffff  __TI_prof_data_start                
00000000  __TI_static_base__                  
0000b9e7  __TI_zero_init_nomemset             
0000bab9  __aeabi_errno_addr                  
0000b36f  __aeabi_idiv0                       
0000b36f  __aeabi_ldiv0                       
0000b52f  __aeabi_memclr                      
0000b52f  __aeabi_memclr4                     
0000b52f  __aeabi_memclr8                     
0000b419  __aeabi_memcpy                      
0000b419  __aeabi_memcpy4                     
0000b419  __aeabi_memcpy8                     
0000b531  __aeabi_memset                      
0000b531  __aeabi_memset4                     
0000b531  __aeabi_memset8                     
000097a8  __aeabi_uldivmod                    
ffffffff  __binit__                           
ffffffff  __c_args__                          
08001500  __start___llvm_prf_cnts             
08001500  __stop___llvm_prf_cnts              
00009a5c  _c_int00                            
000093ec  _coreClearAuxiliaryDataFault_       
00009400  _coreClearAuxiliaryInstructionFault_
000093c4  _coreClearDataFaultAddress_         
0000939c  _coreClearDataFault_                
000093d8  _coreClearInstructionFaultAddress_  
000093b0  _coreClearInstructionFault_         
00009330  _coreDisableEventBusExport_         
00009374  _coreDisableFlashEcc_               
00009350  _coreDisableRamEcc_                 
00009320  _coreEnableEventBusExport_          
00009360  _coreEnableFlashEcc_                
00009384  _coreEnableIrqVicOffset_            
00009340  _coreEnableRamEcc_                  
00009308  _coreEnableVfp_                     
000093e4  _coreGetAuxiliaryDataFault_         
000093f8  _coreGetAuxiliaryInstructionFault_  
000093bc  _coreGetDataFaultAddress_           
00009394  _coreGetDataFault_                  
000093d0  _coreGetInstructionFaultAddress_    
000093a8  _coreGetInstructionFault_           
00009190  _coreInitRegisters_                 
0000929c  _coreInitStackPointer_              
0000c638  _ctypes_                            
0000ad94  _dabort                             
00009414  _disable_FIQ_interrupt_             
0000941c  _disable_IRQ_interrupt_             
0000940c  _disable_interrupt_                 
00009424  _enable_interrupt_                  
000094b4  _errata_CORTEXR4_57_                
000094c4  _errata_CORTEXR4_66_                
00007fec  _errata_SSWF021_45_both_plls        
000081e0  _errata_SSWF021_45_pll1             
00008358  _errata_SSWF021_45_pll2             
0000942c  _esmCcmErrorsClear_                 
000092e8  _getCPSRValue_                      
000092f0  _gotoCPUIdle_                       
08001e38  _lock                               
000068fb  _nop                                
0000b09c  _pmuDisableCountersGlobal_          
0000b08c  _pmuEnableCountersGlobal_           
0000b0f8  _pmuGetCycleCount_                  
0000b100  _pmuGetEventCount_                  
0000b10c  _pmuGetOverflow_                    
0000b040  _pmuInit_                           
0000b0cc  _pmuResetCounters_                  
0000b0ac  _pmuResetCycleCounter_              
0000b0bc  _pmuResetEventCounters_             
0000b0ec  _pmuSetCountEvent_                  
0000b0dc  _pmuStartCounters_                  
0000b0e4  _pmuStopCounters_                   
08001500  _sys_memory                         
UNDEFED   _system_post_cinit                  
08001e3c  _unlock                             
0000bac9  abort                               
0000126c  adc1ParityCheck                     
00001358  adc2ParityCheck                     
0000b3c8  adcNotification                     
0000aaa9  aligned_alloc                       
0000b120  arm_cos_f32                         
0000a0cc  arm_mat_add_f32                     
0000ba90  arm_mat_init_f32                    
00008c0c  arm_mat_inverse_f32                 
0000a550  arm_mat_mult_f32                    
0000a404  arm_mat_scale_f32                   
0000a268  arm_mat_sub_f32                     
0000ae7c  arm_mat_trans_f32                   
0000a9a4  arm_rms_f32                         
0000a798  arm_scale_f32                       
0000b1f0  arm_sin_f32                         
0000b7f5  atoi                                
ffffffff  binit                               
00001410  can1ParityCheck                     
000014e8  can2ParityCheck                     
000015b0  can3ParityCheck                     
00000030  ccmSelfCheck                        
000026fc  ccmr4GetConfigValue                 
00000938  checkB0RAMECC                       
00000b28  checkB1RAMECC                       
00001c18  checkClockMonitor                   
00000d18  checkFlashECC                       
00001cf4  checkFlashEEPROMECC                 
00001e8c  checkPLL1Slip                       
00001f8c  checkPLL2Slip                       
00002050  checkRAMAddrParity                  
000019d0  checkRAMECC                         
0000215c  checkRAMUERRTest                    
000007bc  checkefcSelfTest                    
0000b9ab  copysign                            
0000b9ab  copysignl                           
00000234  cpuSelfTest                         
00000dfc  cpuSelfTestFail                     
0000537c  customTrimLPO                       
00000df4  custom_dabort                       
00002b58  disableParity                       
0000b404  dmaGroupANotification               
00000eac  dmaParityCheck                      
08001e4c  dt                                  
00000660  efcCheck                            
00002660  efcGetConfigValue                   
00000794  efcSelfTest                         
000006e8  efcStuckZeroTest                    
00002ad0  enableParity                        
0000276c  errata_PBIST_4                      
08001e48  errno                               
000087d4  esmActivateNormalOperation          
000088a8  esmClearStatus                      
000088e8  esmClearStatusBuffer                
0000879c  esmDisableError                     
0000880c  esmDisableInterrupt                 
00008774  esmEnableError                      
000087e4  esmEnableInterrupt                  
000089e0  esmEnterSelfTest                    
00008758  esmError                            
00008ab8  esmGetConfigValue                   
00008924  esmGetStatus                        
000089a8  esmGetStatusBuffer                  
0000b370  esmGroup1Notification               
0000b380  esmGroup2Notification               
0000a684  esmHighInterrupt                    
00008650  esmInit                             
00008a68  esmSelfTestStatus                   
00008904  esmSetCounterPreloadValue           
00008834  esmSetInterruptLevel                
000087c4  esmTriggerErrorPinReset             
08001d60  eye                                 
0000af61  floor                               
0000af61  floorl                              
000022c4  fmcBus1ParityCheck                  
0000085c  fmcBus2Check                        
00000898  fmcECCcheck                         
0000b5a9  frexp                               
0000b5a9  frexpl                              
0000b3dc  gioNotification                     
0000bad0  handlePLLLockFail                   
00000f58  het1ParityCheck                     
000010c0  het2ParityCheck                     
00001004  htu1ParityCheck                     
000011bc  htu2ParityCheck                     
0000aca5  ldexp                               
0000aca5  ldexpl                              
00002d44  main                                
0000bac1  malloc                              
00004a5c  mapClocks                           
0000aaa9  memalign                            
0000b985  memccpy                             
0000b419  memcpy                              
00000174  memoryInit                          
0000b390  memoryPort0TestFailNotification     
0000b3ac  memoryPort1TestFailNotification     
0000b537  memset                              
00001684  mibspi1ParityCheck                  
0000178c  mibspi3ParityCheck                  
000018b0  mibspi5ParityCheck                  
000068fc  muxInit                             
000023ec  pbistFail                           
00002470  pbistGetConfigValue                 
000005a8  pbistIsTestCompleted                
000005d4  pbistIsTestPassed                   
00000608  pbistPortTestStatus                 
000004ac  pbistRun                            
000002cc  pbistSelfCheck                      
00000578  pbistStop                           
00004a08  periphInit                          
0000bacc  phantomInterrupt                    
00006d98  pinmuxGetConfigValue                
00007961  pow                                 
00007961  powl                                
00000000  resetEntry                          
0000aca5  scalbn                              
0000aca5  scalbnl                             
00007670  sciDisableLoopback                  
000076fc  sciDisableNotification              
0000763c  sciEnableLoopback                   
00007694  sciEnableNotification               
00007764  sciEnterResetState                  
00007784  sciExitResetState                   
000071a8  sciInit                             
000074ec  sciIsIdleDetected                   
000074d0  sciIsRxReady                        
00007350  sciIsTxReady                        
0000b3f0  sciNotification                     
00007564  sciReceive                          
00007538  sciReceiveByte                      
00007508  sciRxError                          
0000739c  sciSend                             
0000736c  sciSendByte                         
000072b4  sciSetBaudrate                      
00007294  sciSetFunctional                    
000077a4  scilinGetConfigValue                
00000020  selftestFailNotification            
000049c8  setupFlash                          
000048f4  setupPLL                            
0000b8c9  sprintf                             
0000b909  sqrt                                
0000b95d  sqrtf                               
0000b909  sqrtl                               
00005240  sramGetConfigValue                  
000025bc  stcGetConfigValue                   
000001b8  stcSelfCheck                        
00000df8  stcSelfCheckFail                    
0000b9c9  strcat                              
0000ba53  strchr                              
0000ba3b  strcmp                              
0000ba69  strlen                              
00004c80  systemGetConfigValue                
00004b84  systemInit                          
00004c50  systemPowerDown                     
00005094  tcmflashGetConfigValue              
00004954  trimLPO                             
0000552c  vimChannelMap                       
00005798  vimDisableInterrupt                 
000055d0  vimEnableInterrupt                  
00005844  vimGetConfigValue                   
00005458  vimInit                             
00000e00  vimParityCheck                      
000094dc  vimParityErrorHandler               
0000ba7f  wcslen                              
08001da0  zeros16                             
08001d00  zeros24                             
08001e2c  zeros3                              
08001e1c  zeros4                              
08001e04  zeros6                              
08001de0  zeros9                              


GLOBAL SYMBOLS: SORTED BY Symbol Address 

address   name                                
-------   ----                                
00000000  __TI_static_base__                  
00000000  resetEntry                          
00000020  selftestFailNotification            
00000030  ccmSelfCheck                        
00000174  memoryInit                          
000001b8  stcSelfCheck                        
00000234  cpuSelfTest                         
000002cc  pbistSelfCheck                      
000004ac  pbistRun                            
00000578  pbistStop                           
000005a8  pbistIsTestCompleted                
000005d4  pbistIsTestPassed                   
00000608  pbistPortTestStatus                 
00000660  efcCheck                            
000006e8  efcStuckZeroTest                    
00000794  efcSelfTest                         
000007bc  checkefcSelfTest                    
00000800  __SYSMEM_SIZE                       
0000085c  fmcBus2Check                        
00000898  fmcECCcheck                         
00000938  checkB0RAMECC                       
00000b28  checkB1RAMECC                       
00000d18  checkFlashECC                       
00000df4  custom_dabort                       
00000df8  stcSelfCheckFail                    
00000dfc  cpuSelfTestFail                     
00000e00  vimParityCheck                      
00000eac  dmaParityCheck                      
00000f58  het1ParityCheck                     
00001004  htu1ParityCheck                     
000010c0  het2ParityCheck                     
000011bc  htu2ParityCheck                     
0000126c  adc1ParityCheck                     
00001358  adc2ParityCheck                     
00001410  can1ParityCheck                     
000014e8  can2ParityCheck                     
000015b0  can3ParityCheck                     
00001684  mibspi1ParityCheck                  
0000178c  mibspi3ParityCheck                  
000018b0  mibspi5ParityCheck                  
000019d0  checkRAMECC                         
00001c18  checkClockMonitor                   
00001cf4  checkFlashEEPROMECC                 
00001e8c  checkPLL1Slip                       
00001f8c  checkPLL2Slip                       
00002050  checkRAMAddrParity                  
0000215c  checkRAMUERRTest                    
000022c4  fmcBus1ParityCheck                  
000023ec  pbistFail                           
00002470  pbistGetConfigValue                 
000025bc  stcGetConfigValue                   
00002660  efcGetConfigValue                   
000026fc  ccmr4GetConfigValue                 
0000276c  errata_PBIST_4                      
00002ad0  enableParity                        
00002b58  disableParity                       
00002d44  main                                
00002f34  ADCS_MatrixPrintARM                 
000030a8  ADCS_MatrixPrint                    
00003220  ADCS_MatrixInit                     
00003284  ADCS_copyArray                      
000032f0  ADCS_Omega                          
000033ec  ADCS_f                              
00003504  ADCS_dfdq                           
000035d4  ADCS_q2R                            
00003820  ADCS_set_reference_frame            
0000395c  ADCS_update                         
0000403c  ADCS_append_array                   
000040cc  ADCS_append_array_float32           
00004110  ADCS_h                              
00004280  ADCS_dhdq                           
00004898  ADCS_vector_normalized              
000048f4  setupPLL                            
00004954  trimLPO                             
000049c8  setupFlash                          
00004a08  periphInit                          
00004a5c  mapClocks                           
00004b84  systemInit                          
00004c50  systemPowerDown                     
00004c80  systemGetConfigValue                
00005094  tcmflashGetConfigValue              
00005240  sramGetConfigValue                  
0000537c  customTrimLPO                       
00005458  vimInit                             
0000552c  vimChannelMap                       
000055d0  vimEnableInterrupt                  
00005798  vimDisableInterrupt                 
00005844  vimGetConfigValue                   
00005ead  __TI_printfi                        
000068fb  _nop                                
000068fc  muxInit                             
00006d98  pinmuxGetConfigValue                
000071a8  sciInit                             
00007294  sciSetFunctional                    
000072b4  sciSetBaudrate                      
00007350  sciIsTxReady                        
0000736c  sciSendByte                         
0000739c  sciSend                             
000074d0  sciIsRxReady                        
000074ec  sciIsIdleDetected                   
00007508  sciRxError                          
00007538  sciReceiveByte                      
00007564  sciReceive                          
0000763c  sciEnableLoopback                   
00007670  sciDisableLoopback                  
00007694  sciEnableNotification               
000076fc  sciDisableNotification              
00007764  sciEnterResetState                  
00007784  sciExitResetState                   
000077a4  scilinGetConfigValue                
00007961  pow                                 
00007961  powl                                
00007fec  _errata_SSWF021_45_both_plls        
000081e0  _errata_SSWF021_45_pll1             
00008358  _errata_SSWF021_45_pll2             
00008650  esmInit                             
00008758  esmError                            
00008774  esmEnableError                      
0000879c  esmDisableError                     
000087c4  esmTriggerErrorPinReset             
000087d4  esmActivateNormalOperation          
000087e4  esmEnableInterrupt                  
0000880c  esmDisableInterrupt                 
00008834  esmSetInterruptLevel                
000088a8  esmClearStatus                      
000088e8  esmClearStatusBuffer                
00008904  esmSetCounterPreloadValue           
00008924  esmGetStatus                        
000089a8  esmGetStatusBuffer                  
000089e0  esmEnterSelfTest                    
00008a68  esmSelfTestStatus                   
00008ab8  esmGetConfigValue                   
00008c0c  arm_mat_inverse_f32                 
00009190  _coreInitRegisters_                 
0000929c  _coreInitStackPointer_              
000092e8  _getCPSRValue_                      
000092f0  _gotoCPUIdle_                       
00009308  _coreEnableVfp_                     
00009320  _coreEnableEventBusExport_          
00009330  _coreDisableEventBusExport_         
00009340  _coreEnableRamEcc_                  
00009350  _coreDisableRamEcc_                 
00009360  _coreEnableFlashEcc_                
00009374  _coreDisableFlashEcc_               
00009384  _coreEnableIrqVicOffset_            
00009394  _coreGetDataFault_                  
0000939c  _coreClearDataFault_                
000093a8  _coreGetInstructionFault_           
000093b0  _coreClearInstructionFault_         
000093bc  _coreGetDataFaultAddress_           
000093c4  _coreClearDataFaultAddress_         
000093d0  _coreGetInstructionFaultAddress_    
000093d8  _coreClearInstructionFaultAddress_  
000093e4  _coreGetAuxiliaryDataFault_         
000093ec  _coreClearAuxiliaryDataFault_       
000093f8  _coreGetAuxiliaryInstructionFault_  
00009400  _coreClearAuxiliaryInstructionFault_
0000940c  _disable_interrupt_                 
00009414  _disable_FIQ_interrupt_             
0000941c  _disable_IRQ_interrupt_             
00009424  _enable_interrupt_                  
0000942c  _esmCcmErrorsClear_                 
000094b4  _errata_CORTEXR4_57_                
000094c4  _errata_CORTEXR4_66_                
000094d4  __TI_PINIT_Base                     
000094d8  __TI_PINIT_Limit                    
000094dc  vimParityErrorHandler               
000097a8  __aeabi_uldivmod                    
00009a5c  _c_int00                            
0000a0cc  arm_mat_add_f32                     
0000a268  arm_mat_sub_f32                     
0000a404  arm_mat_scale_f32                   
0000a550  arm_mat_mult_f32                    
0000a684  esmHighInterrupt                    
0000a798  arm_scale_f32                       
0000a9a4  arm_rms_f32                         
0000aaa9  aligned_alloc                       
0000aaa9  memalign                            
0000aca5  ldexp                               
0000aca5  ldexpl                              
0000aca5  scalbn                              
0000aca5  scalbnl                             
0000ad94  _dabort                             
0000ae7c  arm_mat_trans_f32                   
0000af61  floor                               
0000af61  floorl                              
0000b040  _pmuInit_                           
0000b08c  _pmuEnableCountersGlobal_           
0000b09c  _pmuDisableCountersGlobal_          
0000b0ac  _pmuResetCycleCounter_              
0000b0bc  _pmuResetEventCounters_             
0000b0cc  _pmuResetCounters_                  
0000b0dc  _pmuStartCounters_                  
0000b0e4  _pmuStopCounters_                   
0000b0ec  _pmuSetCountEvent_                  
0000b0f8  _pmuGetCycleCount_                  
0000b100  _pmuGetEventCount_                  
0000b10c  _pmuGetOverflow_                    
0000b120  arm_cos_f32                         
0000b1f0  arm_sin_f32                         
0000b36f  __aeabi_idiv0                       
0000b36f  __aeabi_ldiv0                       
0000b370  esmGroup1Notification               
0000b380  esmGroup2Notification               
0000b390  memoryPort0TestFailNotification     
0000b3ac  memoryPort1TestFailNotification     
0000b3c8  adcNotification                     
0000b3dc  gioNotification                     
0000b3f0  sciNotification                     
0000b404  dmaGroupANotification               
0000b419  __aeabi_memcpy                      
0000b419  __aeabi_memcpy4                     
0000b419  __aeabi_memcpy8                     
0000b419  memcpy                              
0000b52f  __aeabi_memclr                      
0000b52f  __aeabi_memclr4                     
0000b52f  __aeabi_memclr8                     
0000b531  __aeabi_memset                      
0000b531  __aeabi_memset4                     
0000b531  __aeabi_memset8                     
0000b537  memset                              
0000b5a9  frexp                               
0000b5a9  frexpl                              
0000b691  __TI_decompress_lzss                
0000b6fd  __TI_ltoa                           
0000b7f5  atoi                                
0000b845  __TI_auto_init_nobinit_nopinit      
0000b8c9  sprintf                             
0000b909  sqrt                                
0000b909  sqrtl                               
0000b95d  sqrtf                               
0000b985  memccpy                             
0000b9ab  copysign                            
0000b9ab  copysignl                           
0000b9c9  strcat                              
0000b9e7  __TI_zero_init_nomemset             
0000ba3b  strcmp                              
0000ba53  strchr                              
0000ba69  strlen                              
0000ba7f  wcslen                              
0000ba90  arm_mat_init_f32                    
0000baa1  __TI_decompress_none                
0000bab9  __aeabi_errno_addr                  
0000bac1  malloc                              
0000bac9  C$$EXIT                             
0000bac9  abort                               
0000bacc  phantomInterrupt                    
0000bad0  handlePLLLockFail                   
0000c638  _ctypes_                            
0000d03c  __TI_Handler_Table_Base             
0000d048  __TI_Handler_Table_Limit            
0000d050  __TI_CINIT_Base                     
0000d060  __TI_CINIT_Limit                    
08001500  __start___llvm_prf_cnts             
08001500  __stop___llvm_prf_cnts              
08001500  _sys_memory                         
08001d00  zeros24                             
08001d60  eye                                 
08001da0  zeros16                             
08001de0  zeros9                              
08001e04  zeros6                              
08001e1c  zeros4                              
08001e2c  zeros3                              
08001e38  _lock                               
08001e3c  _unlock                             
08001e48  errno                               
08001e4c  dt                                  
ffffffff  __TI_pprof_out_hndl                 
ffffffff  __TI_prof_data_size                 
ffffffff  __TI_prof_data_start                
ffffffff  __binit__                           
ffffffff  __c_args__                          
ffffffff  binit                               
UNDEFED   SHT$$INIT_ARRAY$$Base               
UNDEFED   SHT$$INIT_ARRAY$$Limit              
UNDEFED   _system_post_cinit                  

[276 symbols]
